Archive member included because of file (symbol)

C:\Board Code\11Uxx code\tejas lpcxpresso non rom issue\LPC11Uxx_Driver_Lib\Debug\libLPC11Uxx_Driver_Lib.a(clkconfig.o)
                              ./src/autoisp_main.o (WDT_CLK_Setup)
C:\Board Code\11Uxx code\tejas lpcxpresso non rom issue\LPC11Uxx_Driver_Lib\Debug\libLPC11Uxx_Driver_Lib.a(gpio.o)
                              ./src/autoisp_main.o (GPIOInit)
C:\Board Code\11Uxx code\tejas lpcxpresso non rom issue\LPC11Uxx_Driver_Lib\Debug\libLPC11Uxx_Driver_Lib.a(system_LPC11Uxx.o)
                              ./src/autoisp_main.o (SystemCoreClock)
c:/nxp/lpcxpresso_4.2.4_299_beta/lpcxpresso/tools/bin/../lib/gcc/arm-none-eabi/4.5.1/../../../../arm-none-eabi/lib/armv6-m\libcr_semihost.a(_cr__main.o)
                              ./src/cr_startup_lpc11u.o (__main)
c:/nxp/lpcxpresso_4.2.4_299_beta/lpcxpresso/tools/bin/../lib/gcc/arm-none-eabi/4.5.1/../../../../arm-none-eabi/lib/armv6-m\libcr_c.a(initio.o)
                              c:/nxp/lpcxpresso_4.2.4_299_beta/lpcxpresso/tools/bin/../lib/gcc/arm-none-eabi/4.5.1/../../../../arm-none-eabi/lib/armv6-m\libcr_semihost.a(_cr__main.o) (_initio)
c:/nxp/lpcxpresso_4.2.4_299_beta/lpcxpresso/tools/bin/../lib/gcc/arm-none-eabi/4.5.1/../../../../arm-none-eabi/lib/armv6-m\libcr_c.a(setvbuf.o)
                              c:/nxp/lpcxpresso_4.2.4_299_beta/lpcxpresso/tools/bin/../lib/gcc/arm-none-eabi/4.5.1/../../../../arm-none-eabi/lib/armv6-m\libcr_c.a(initio.o) (setvbuf)
c:/nxp/lpcxpresso_4.2.4_299_beta/lpcxpresso/tools/bin/../lib/gcc/arm-none-eabi/4.5.1/../../../../arm-none-eabi/lib/armv6-m\libcr_c.a(stdio.o)
                              c:/nxp/lpcxpresso_4.2.4_299_beta/lpcxpresso/tools/bin/../lib/gcc/arm-none-eabi/4.5.1/../../../../arm-none-eabi/lib/armv6-m\libcr_c.a(initio.o) (__Ciob)
c:/nxp/lpcxpresso_4.2.4_299_beta/lpcxpresso/tools/bin/../lib/gcc/arm-none-eabi/4.5.1/../../../../arm-none-eabi/lib/armv6-m\libcr_c.a(memset.o)
                              c:/nxp/lpcxpresso_4.2.4_299_beta/lpcxpresso/tools/bin/../lib/gcc/arm-none-eabi/4.5.1/../../../../arm-none-eabi/lib/armv6-m\libcr_c.a(initio.o) (memset)
c:/nxp/lpcxpresso_4.2.4_299_beta/lpcxpresso/tools/bin/../lib/gcc/arm-none-eabi/4.5.1/../../../../arm-none-eabi/lib/armv6-m\libcr_c.a(__fillbuf.o)
                              c:/nxp/lpcxpresso_4.2.4_299_beta/lpcxpresso/tools/bin/../lib/gcc/arm-none-eabi/4.5.1/../../../../arm-none-eabi/lib/armv6-m\libcr_c.a(stdio.o) (__filbuf)
c:/nxp/lpcxpresso_4.2.4_299_beta/lpcxpresso/tools/bin/../lib/gcc/arm-none-eabi/4.5.1/../../../../arm-none-eabi/lib/armv6-m\libcr_c.a(_deferredlazyseek.o)
                              c:/nxp/lpcxpresso_4.2.4_299_beta/lpcxpresso/tools/bin/../lib/gcc/arm-none-eabi/4.5.1/../../../../arm-none-eabi/lib/armv6-m\libcr_c.a(__fillbuf.o) (_deferredlazyseek)
c:/nxp/lpcxpresso_4.2.4_299_beta/lpcxpresso/tools/bin/../lib/gcc/arm-none-eabi/4.5.1/../../../../arm-none-eabi/lib/armv6-m\libcr_c.a(_fdopen.o)
                              c:/nxp/lpcxpresso_4.2.4_299_beta/lpcxpresso/tools/bin/../lib/gcc/arm-none-eabi/4.5.1/../../../../arm-none-eabi/lib/armv6-m\libcr_c.a(initio.o) (_fdopen)
c:/nxp/lpcxpresso_4.2.4_299_beta/lpcxpresso/tools/bin/../lib/gcc/arm-none-eabi/4.5.1/../../../../arm-none-eabi/lib/armv6-m\libcr_c.a(_fflush.o)
                              c:/nxp/lpcxpresso_4.2.4_299_beta/lpcxpresso/tools/bin/../lib/gcc/arm-none-eabi/4.5.1/../../../../arm-none-eabi/lib/armv6-m\libcr_c.a(__fillbuf.o) (_fflush)
c:/nxp/lpcxpresso_4.2.4_299_beta/lpcxpresso/tools/bin/../lib/gcc/arm-none-eabi/4.5.1/../../../../arm-none-eabi/lib/armv6-m\libcr_c.a(_writebuf.o)
                              c:/nxp/lpcxpresso_4.2.4_299_beta/lpcxpresso/tools/bin/../lib/gcc/arm-none-eabi/4.5.1/../../../../arm-none-eabi/lib/armv6-m\libcr_c.a(_deferredlazyseek.o) (_Cwritebuf)
c:/nxp/lpcxpresso_4.2.4_299_beta/lpcxpresso/tools/bin/../lib/gcc/arm-none-eabi/4.5.1/../../../../arm-none-eabi/lib/armv6-m\libcr_c.a(alloc.o)
                              c:/nxp/lpcxpresso_4.2.4_299_beta/lpcxpresso/tools/bin/../lib/gcc/arm-none-eabi/4.5.1/../../../../arm-none-eabi/lib/armv6-m\libcr_c.a(initio.o) (_Csys_alloc)
c:/nxp/lpcxpresso_4.2.4_299_beta/lpcxpresso/tools/bin/../lib/gcc/arm-none-eabi/4.5.1/../../../../arm-none-eabi/lib/armv6-m\libcr_c.a(fclose.o)
                              c:/nxp/lpcxpresso_4.2.4_299_beta/lpcxpresso/tools/bin/../lib/gcc/arm-none-eabi/4.5.1/../../../../arm-none-eabi/lib/armv6-m\libcr_c.a(initio.o) (fclose)
c:/nxp/lpcxpresso_4.2.4_299_beta/lpcxpresso/tools/bin/../lib/gcc/arm-none-eabi/4.5.1/../../../../arm-none-eabi/lib/armv6-m\libcr_c.a(fflush.o)
                              c:/nxp/lpcxpresso_4.2.4_299_beta/lpcxpresso/tools/bin/../lib/gcc/arm-none-eabi/4.5.1/../../../../arm-none-eabi/lib/armv6-m\libcr_c.a(fclose.o) (fflush)
c:/nxp/lpcxpresso_4.2.4_299_beta/lpcxpresso/tools/bin/../lib/gcc/arm-none-eabi/4.5.1/../../../../arm-none-eabi/lib/armv6-m\libcr_c.a(fseek.o)
                              c:/nxp/lpcxpresso_4.2.4_299_beta/lpcxpresso/tools/bin/../lib/gcc/arm-none-eabi/4.5.1/../../../../arm-none-eabi/lib/armv6-m\libcr_c.a(_deferredlazyseek.o) (fseek)
c:/nxp/lpcxpresso_4.2.4_299_beta/lpcxpresso/tools/bin/../lib/gcc/arm-none-eabi/4.5.1/../../../../arm-none-eabi/lib/armv6-m\libcr_c.a(ftell.o)
                              c:/nxp/lpcxpresso_4.2.4_299_beta/lpcxpresso/tools/bin/../lib/gcc/arm-none-eabi/4.5.1/../../../../arm-none-eabi/lib/armv6-m\libcr_c.a(fseek.o) (ftell)
c:/nxp/lpcxpresso_4.2.4_299_beta/lpcxpresso/tools/bin/../lib/gcc/arm-none-eabi/4.5.1/../../../../arm-none-eabi/lib/armv6-m\libcr_c.a(remove.o)
                              c:/nxp/lpcxpresso_4.2.4_299_beta/lpcxpresso/tools/bin/../lib/gcc/arm-none-eabi/4.5.1/../../../../arm-none-eabi/lib/armv6-m\libcr_c.a(fclose.o) (remove)
c:/nxp/lpcxpresso_4.2.4_299_beta/lpcxpresso/tools/bin/../lib/gcc/arm-none-eabi/4.5.1/../../../../arm-none-eabi/lib/armv6-m\libcr_c.a(strlen.o)
                              c:/nxp/lpcxpresso_4.2.4_299_beta/lpcxpresso/tools/bin/../lib/gcc/arm-none-eabi/4.5.1/../../../../arm-none-eabi/lib/armv6-m\libcr_c.a(remove.o) (strlen)
c:/nxp/lpcxpresso_4.2.4_299_beta/lpcxpresso/tools/bin/../lib/gcc/arm-none-eabi/4.5.1/../../../../arm-none-eabi/lib/armv6-m\libcr_c.a(memcpy.o)
                              c:/nxp/lpcxpresso_4.2.4_299_beta/lpcxpresso/tools/bin/../lib/gcc/arm-none-eabi/4.5.1/../../../../arm-none-eabi/lib/armv6-m\libcr_c.a(alloc.o) (memcpy)
c:/nxp/lpcxpresso_4.2.4_299_beta/lpcxpresso/tools/bin/../lib/gcc/arm-none-eabi/4.5.1/../../../../arm-none-eabi/lib/armv6-m\libcr_c.a(__init_alloc.o)
                              c:/nxp/lpcxpresso_4.2.4_299_beta/lpcxpresso/tools/bin/../lib/gcc/arm-none-eabi/4.5.1/../../../../arm-none-eabi/lib/armv6-m\libcr_c.a(alloc.o) (__heaps)
c:/nxp/lpcxpresso_4.2.4_299_beta/lpcxpresso/tools/bin/../lib/gcc/arm-none-eabi/4.5.1/../../../../arm-none-eabi/lib/armv6-m\libcr_c.a(_do_fflush.o)
                              c:/nxp/lpcxpresso_4.2.4_299_beta/lpcxpresso/tools/bin/../lib/gcc/arm-none-eabi/4.5.1/../../../../arm-none-eabi/lib/armv6-m\libcr_c.a(fflush.o) (_do_fflush)
c:/nxp/lpcxpresso_4.2.4_299_beta/lpcxpresso/tools/bin/../lib/gcc/arm-none-eabi/4.5.1/../../../../arm-none-eabi/lib/armv6-m\libcr_c.a(errno.o)
                              c:/nxp/lpcxpresso_4.2.4_299_beta/lpcxpresso/tools/bin/../lib/gcc/arm-none-eabi/4.5.1/../../../../arm-none-eabi/lib/armv6-m\libcr_c.a(ftell.o) (errno)
c:/nxp/lpcxpresso_4.2.4_299_beta/lpcxpresso/tools/bin/../lib/gcc/arm-none-eabi/4.5.1/armv6-m\libcr_eabihelpers.a(division.o)
                              ./src/autoisp_main.o (__aeabi_uidiv)
c:/nxp/lpcxpresso_4.2.4_299_beta/lpcxpresso/tools/bin/../lib/gcc/arm-none-eabi/4.5.1/armv6-m\libcr_eabihelpers.a(memcpy.o)
                              c:/nxp/lpcxpresso_4.2.4_299_beta/lpcxpresso/tools/bin/../lib/gcc/arm-none-eabi/4.5.1/../../../../arm-none-eabi/lib/armv6-m\libcr_c.a(memcpy.o) (__aeabi_memcpy)
c:/nxp/lpcxpresso_4.2.4_299_beta/lpcxpresso/tools/bin/../lib/gcc/arm-none-eabi/4.5.1/../../../../arm-none-eabi/lib/armv6-m\libcr_semihost.a(__sys_appexit.o)
                              c:/nxp/lpcxpresso_4.2.4_299_beta/lpcxpresso/tools/bin/../lib/gcc/arm-none-eabi/4.5.1/../../../../arm-none-eabi/lib/armv6-m\libcr_c.a(alloc.o) (__sys_appexit)
c:/nxp/lpcxpresso_4.2.4_299_beta/lpcxpresso/tools/bin/../lib/gcc/arm-none-eabi/4.5.1/../../../../arm-none-eabi/lib/armv6-m\libcr_semihost.a(__sys_close.o)
                              c:/nxp/lpcxpresso_4.2.4_299_beta/lpcxpresso/tools/bin/../lib/gcc/arm-none-eabi/4.5.1/../../../../arm-none-eabi/lib/armv6-m\libcr_c.a(fclose.o) (__sys_close)
c:/nxp/lpcxpresso_4.2.4_299_beta/lpcxpresso/tools/bin/../lib/gcc/arm-none-eabi/4.5.1/../../../../arm-none-eabi/lib/armv6-m\libcr_semihost.a(__sys_flen.o)
                              c:/nxp/lpcxpresso_4.2.4_299_beta/lpcxpresso/tools/bin/../lib/gcc/arm-none-eabi/4.5.1/../../../../arm-none-eabi/lib/armv6-m\libcr_c.a(_writebuf.o) (__sys_flen)
c:/nxp/lpcxpresso_4.2.4_299_beta/lpcxpresso/tools/bin/../lib/gcc/arm-none-eabi/4.5.1/../../../../arm-none-eabi/lib/armv6-m\libcr_semihost.a(__sys_istty.o)
                              c:/nxp/lpcxpresso_4.2.4_299_beta/lpcxpresso/tools/bin/../lib/gcc/arm-none-eabi/4.5.1/../../../../arm-none-eabi/lib/armv6-m\libcr_c.a(_deferredlazyseek.o) (__sys_istty)
c:/nxp/lpcxpresso_4.2.4_299_beta/lpcxpresso/tools/bin/../lib/gcc/arm-none-eabi/4.5.1/../../../../arm-none-eabi/lib/armv6-m\libcr_semihost.a(__sys_read.o)
                              c:/nxp/lpcxpresso_4.2.4_299_beta/lpcxpresso/tools/bin/../lib/gcc/arm-none-eabi/4.5.1/../../../../arm-none-eabi/lib/armv6-m\libcr_c.a(__fillbuf.o) (__sys_read)
c:/nxp/lpcxpresso_4.2.4_299_beta/lpcxpresso/tools/bin/../lib/gcc/arm-none-eabi/4.5.1/../../../../arm-none-eabi/lib/armv6-m\libcr_semihost.a(__sys_readc.o)
                              c:/nxp/lpcxpresso_4.2.4_299_beta/lpcxpresso/tools/bin/../lib/gcc/arm-none-eabi/4.5.1/../../../../arm-none-eabi/lib/armv6-m\libcr_c.a(__fillbuf.o) (__sys_readc)
c:/nxp/lpcxpresso_4.2.4_299_beta/lpcxpresso/tools/bin/../lib/gcc/arm-none-eabi/4.5.1/../../../../arm-none-eabi/lib/armv6-m\libcr_semihost.a(__sys_remove.o)
                              c:/nxp/lpcxpresso_4.2.4_299_beta/lpcxpresso/tools/bin/../lib/gcc/arm-none-eabi/4.5.1/../../../../arm-none-eabi/lib/armv6-m\libcr_c.a(remove.o) (__sys_remove)
c:/nxp/lpcxpresso_4.2.4_299_beta/lpcxpresso/tools/bin/../lib/gcc/arm-none-eabi/4.5.1/../../../../arm-none-eabi/lib/armv6-m\libcr_semihost.a(__sys_rename.o)
                              c:/nxp/lpcxpresso_4.2.4_299_beta/lpcxpresso/tools/bin/../lib/gcc/arm-none-eabi/4.5.1/../../../../arm-none-eabi/lib/armv6-m\libcr_c.a(remove.o) (__sys_rename)
c:/nxp/lpcxpresso_4.2.4_299_beta/lpcxpresso/tools/bin/../lib/gcc/arm-none-eabi/4.5.1/../../../../arm-none-eabi/lib/armv6-m\libcr_semihost.a(__sys_seek.o)
                              c:/nxp/lpcxpresso_4.2.4_299_beta/lpcxpresso/tools/bin/../lib/gcc/arm-none-eabi/4.5.1/../../../../arm-none-eabi/lib/armv6-m\libcr_c.a(__fillbuf.o) (__sys_seek)
c:/nxp/lpcxpresso_4.2.4_299_beta/lpcxpresso/tools/bin/../lib/gcc/arm-none-eabi/4.5.1/../../../../arm-none-eabi/lib/armv6-m\libcr_semihost.a(__sys_tmpnam.o)
                              c:/nxp/lpcxpresso_4.2.4_299_beta/lpcxpresso/tools/bin/../lib/gcc/arm-none-eabi/4.5.1/../../../../arm-none-eabi/lib/armv6-m\libcr_c.a(fclose.o) (__sys_tmpnam)
c:/nxp/lpcxpresso_4.2.4_299_beta/lpcxpresso/tools/bin/../lib/gcc/arm-none-eabi/4.5.1/../../../../arm-none-eabi/lib/armv6-m\libcr_semihost.a(__sys_write.o)
                              c:/nxp/lpcxpresso_4.2.4_299_beta/lpcxpresso/tools/bin/../lib/gcc/arm-none-eabi/4.5.1/../../../../arm-none-eabi/lib/armv6-m\libcr_c.a(_writebuf.o) (__sys_write)
c:/nxp/lpcxpresso_4.2.4_299_beta/lpcxpresso/tools/bin/../lib/gcc/arm-none-eabi/4.5.1/../../../../arm-none-eabi/lib/armv6-m\libcr_semihost.a(_cr_sbrk.o)
                              c:/nxp/lpcxpresso_4.2.4_299_beta/lpcxpresso/tools/bin/../lib/gcc/arm-none-eabi/4.5.1/../../../../arm-none-eabi/lib/armv6-m\libcr_c.a(alloc.o) (_sbrk)
c:/nxp/lpcxpresso_4.2.4_299_beta/lpcxpresso/tools/bin/../lib/gcc/arm-none-eabi/4.5.1/../../../../arm-none-eabi/lib/armv6-m\libcr_semihost.a(_cr_check_heap.o)
                              c:/nxp/lpcxpresso_4.2.4_299_beta/lpcxpresso/tools/bin/../lib/gcc/arm-none-eabi/4.5.1/../../../../arm-none-eabi/lib/armv6-m\libcr_semihost.a(_cr_sbrk.o) (__check_heap_overflow)

Allocating common symbols
Common symbol       size              file

_extra              0x4               c:/nxp/lpcxpresso_4.2.4_299_beta/lpcxpresso/tools/bin/../lib/gcc/arm-none-eabi/4.5.1/../../../../arm-none-eabi/lib/armv6-m\libcr_c.a(initio.o)
command             0x14              ./src/autoisp_main.o
wdt_counter         0x4               ./src/wdt.o
result              0x10              ./src/autoisp_main.o
__heaps             0x4               c:/nxp/lpcxpresso_4.2.4_299_beta/lpcxpresso/tools/bin/../lib/gcc/arm-none-eabi/4.5.1/../../../../arm-none-eabi/lib/armv6-m\libcr_c.a(__init_alloc.o)
__end_of_heap       0x4               c:/nxp/lpcxpresso_4.2.4_299_beta/lpcxpresso/tools/bin/../lib/gcc/arm-none-eabi/4.5.1/../../../../arm-none-eabi/lib/armv6-m\libcr_c.a(__init_alloc.o)
__Ciob              0x140             c:/nxp/lpcxpresso_4.2.4_299_beta/lpcxpresso/tools/bin/../lib/gcc/arm-none-eabi/4.5.1/../../../../arm-none-eabi/lib/armv6-m\libcr_c.a(stdio.o)

Discarded input sections

 .text          0x00000000        0x0 ./src/autoisp_main.o
 .text          0x00000000        0x0 ./src/cr_startup_lpc11u.o
 .data          0x00000000        0x0 ./src/cr_startup_lpc11u.o
 .bss           0x00000000        0x0 ./src/cr_startup_lpc11u.o
 .text          0x00000000        0x0 ./src/wdt.o
 .data          0x00000000        0x0 ./src/wdt.o
 .bss           0x00000000        0x0 ./src/wdt.o
 .text.WDTFeed  0x00000000       0x18 ./src/wdt.o
 .text          0x00000000        0x0 C:\Board Code\11Uxx code\tejas lpcxpresso non rom issue\LPC11Uxx_Driver_Lib\Debug\libLPC11Uxx_Driver_Lib.a(clkconfig.o)
 .data          0x00000000        0x0 C:\Board Code\11Uxx code\tejas lpcxpresso non rom issue\LPC11Uxx_Driver_Lib\Debug\libLPC11Uxx_Driver_Lib.a(clkconfig.o)
 .bss           0x00000000        0x0 C:\Board Code\11Uxx code\tejas lpcxpresso non rom issue\LPC11Uxx_Driver_Lib\Debug\libLPC11Uxx_Driver_Lib.a(clkconfig.o)
 .text.CLKOUT_Setup
                0x00000000       0x4c C:\Board Code\11Uxx code\tejas lpcxpresso non rom issue\LPC11Uxx_Driver_Lib\Debug\libLPC11Uxx_Driver_Lib.a(clkconfig.o)
 .text          0x00000000        0x0 C:\Board Code\11Uxx code\tejas lpcxpresso non rom issue\LPC11Uxx_Driver_Lib\Debug\libLPC11Uxx_Driver_Lib.a(gpio.o)
 .data          0x00000000        0x0 C:\Board Code\11Uxx code\tejas lpcxpresso non rom issue\LPC11Uxx_Driver_Lib\Debug\libLPC11Uxx_Driver_Lib.a(gpio.o)
 .bss           0x00000000        0x0 C:\Board Code\11Uxx code\tejas lpcxpresso non rom issue\LPC11Uxx_Driver_Lib\Debug\libLPC11Uxx_Driver_Lib.a(gpio.o)
 .text.NVIC_EnableIRQ
                0x00000000       0x2c C:\Board Code\11Uxx code\tejas lpcxpresso non rom issue\LPC11Uxx_Driver_Lib\Debug\libLPC11Uxx_Driver_Lib.a(gpio.o)
 .text.NVIC_ClearPendingIRQ
                0x00000000       0x34 C:\Board Code\11Uxx code\tejas lpcxpresso non rom issue\LPC11Uxx_Driver_Lib\Debug\libLPC11Uxx_Driver_Lib.a(gpio.o)
 .text.GPIOSetFlexInterrupt
                0x00000000      0x228 C:\Board Code\11Uxx code\tejas lpcxpresso non rom issue\LPC11Uxx_Driver_Lib\Debug\libLPC11Uxx_Driver_Lib.a(gpio.o)
 .rodata.GPIOSetFlexInterrupt
                0x00000000       0x20 C:\Board Code\11Uxx code\tejas lpcxpresso non rom issue\LPC11Uxx_Driver_Lib\Debug\libLPC11Uxx_Driver_Lib.a(gpio.o)
 .text.GPIOFlexIntEnable
                0x00000000       0x74 C:\Board Code\11Uxx code\tejas lpcxpresso non rom issue\LPC11Uxx_Driver_Lib\Debug\libLPC11Uxx_Driver_Lib.a(gpio.o)
 .text.GPIOFlexIntDisable
                0x00000000       0x74 C:\Board Code\11Uxx code\tejas lpcxpresso non rom issue\LPC11Uxx_Driver_Lib\Debug\libLPC11Uxx_Driver_Lib.a(gpio.o)
 .text.GPIOFlexIntStatus
                0x00000000       0x30 C:\Board Code\11Uxx code\tejas lpcxpresso non rom issue\LPC11Uxx_Driver_Lib\Debug\libLPC11Uxx_Driver_Lib.a(gpio.o)
 .text.GPIOFlexIntClear
                0x00000000       0x34 C:\Board Code\11Uxx code\tejas lpcxpresso non rom issue\LPC11Uxx_Driver_Lib\Debug\libLPC11Uxx_Driver_Lib.a(gpio.o)
 .text.GPIOSetGroupedInterrupt
                0x00000000      0x104 C:\Board Code\11Uxx code\tejas lpcxpresso non rom issue\LPC11Uxx_Driver_Lib\Debug\libLPC11Uxx_Driver_Lib.a(gpio.o)
 .text.GPIOGetPinValue
                0x00000000       0x5c C:\Board Code\11Uxx code\tejas lpcxpresso non rom issue\LPC11Uxx_Driver_Lib\Debug\libLPC11Uxx_Driver_Lib.a(gpio.o)
 .text          0x00000000        0x0 C:\Board Code\11Uxx code\tejas lpcxpresso non rom issue\LPC11Uxx_Driver_Lib\Debug\libLPC11Uxx_Driver_Lib.a(system_LPC11Uxx.o)
 .data          0x00000000        0x0 C:\Board Code\11Uxx code\tejas lpcxpresso non rom issue\LPC11Uxx_Driver_Lib\Debug\libLPC11Uxx_Driver_Lib.a(system_LPC11Uxx.o)
 .bss           0x00000000        0x0 C:\Board Code\11Uxx code\tejas lpcxpresso non rom issue\LPC11Uxx_Driver_Lib\Debug\libLPC11Uxx_Driver_Lib.a(system_LPC11Uxx.o)
 .text.SystemCoreClockUpdate
                0x00000000      0x1e4 C:\Board Code\11Uxx code\tejas lpcxpresso non rom issue\LPC11Uxx_Driver_Lib\Debug\libLPC11Uxx_Driver_Lib.a(system_LPC11Uxx.o)
 .rodata.SystemCoreClockUpdate
                0x00000000       0x40 C:\Board Code\11Uxx code\tejas lpcxpresso non rom issue\LPC11Uxx_Driver_Lib\Debug\libLPC11Uxx_Driver_Lib.a(system_LPC11Uxx.o)
 .text          0x00000000        0x0 c:/nxp/lpcxpresso_4.2.4_299_beta/lpcxpresso/tools/bin/../lib/gcc/arm-none-eabi/4.5.1/../../../../arm-none-eabi/lib/armv6-m\libcr_semihost.a(_cr__main.o)
 .data          0x00000000        0x0 c:/nxp/lpcxpresso_4.2.4_299_beta/lpcxpresso/tools/bin/../lib/gcc/arm-none-eabi/4.5.1/../../../../arm-none-eabi/lib/armv6-m\libcr_semihost.a(_cr__main.o)
 .bss           0x00000000        0x0 c:/nxp/lpcxpresso_4.2.4_299_beta/lpcxpresso/tools/bin/../lib/gcc/arm-none-eabi/4.5.1/../../../../arm-none-eabi/lib/armv6-m\libcr_semihost.a(_cr__main.o)
 .text          0x00000000        0x0 c:/nxp/lpcxpresso_4.2.4_299_beta/lpcxpresso/tools/bin/../lib/gcc/arm-none-eabi/4.5.1/../../../../arm-none-eabi/lib/armv6-m\libcr_c.a(initio.o)
 .data          0x00000000        0x0 c:/nxp/lpcxpresso_4.2.4_299_beta/lpcxpresso/tools/bin/../lib/gcc/arm-none-eabi/4.5.1/../../../../arm-none-eabi/lib/armv6-m\libcr_c.a(initio.o)
 .bss           0x00000000        0x0 c:/nxp/lpcxpresso_4.2.4_299_beta/lpcxpresso/tools/bin/../lib/gcc/arm-none-eabi/4.5.1/../../../../arm-none-eabi/lib/armv6-m\libcr_c.a(initio.o)
 .text._terminateio
                0x00000000       0x44 c:/nxp/lpcxpresso_4.2.4_299_beta/lpcxpresso/tools/bin/../lib/gcc/arm-none-eabi/4.5.1/../../../../arm-none-eabi/lib/armv6-m\libcr_c.a(initio.o)
 .text          0x00000000        0x0 c:/nxp/lpcxpresso_4.2.4_299_beta/lpcxpresso/tools/bin/../lib/gcc/arm-none-eabi/4.5.1/../../../../arm-none-eabi/lib/armv6-m\libcr_c.a(setvbuf.o)
 .data          0x00000000        0x0 c:/nxp/lpcxpresso_4.2.4_299_beta/lpcxpresso/tools/bin/../lib/gcc/arm-none-eabi/4.5.1/../../../../arm-none-eabi/lib/armv6-m\libcr_c.a(setvbuf.o)
 .bss           0x00000000        0x0 c:/nxp/lpcxpresso_4.2.4_299_beta/lpcxpresso/tools/bin/../lib/gcc/arm-none-eabi/4.5.1/../../../../arm-none-eabi/lib/armv6-m\libcr_c.a(setvbuf.o)
 .text          0x00000000        0x0 c:/nxp/lpcxpresso_4.2.4_299_beta/lpcxpresso/tools/bin/../lib/gcc/arm-none-eabi/4.5.1/../../../../arm-none-eabi/lib/armv6-m\libcr_c.a(stdio.o)
 .data          0x00000000        0x0 c:/nxp/lpcxpresso_4.2.4_299_beta/lpcxpresso/tools/bin/../lib/gcc/arm-none-eabi/4.5.1/../../../../arm-none-eabi/lib/armv6-m\libcr_c.a(stdio.o)
 .bss           0x00000000        0x0 c:/nxp/lpcxpresso_4.2.4_299_beta/lpcxpresso/tools/bin/../lib/gcc/arm-none-eabi/4.5.1/../../../../arm-none-eabi/lib/armv6-m\libcr_c.a(stdio.o)
 .text.fgetc    0x00000000       0x1e c:/nxp/lpcxpresso_4.2.4_299_beta/lpcxpresso/tools/bin/../lib/gcc/arm-none-eabi/4.5.1/../../../../arm-none-eabi/lib/armv6-m\libcr_c.a(stdio.o)
 .text.fputc    0x00000000       0x1e c:/nxp/lpcxpresso_4.2.4_299_beta/lpcxpresso/tools/bin/../lib/gcc/arm-none-eabi/4.5.1/../../../../arm-none-eabi/lib/armv6-m\libcr_c.a(stdio.o)
 .text.getc     0x00000000       0x1e c:/nxp/lpcxpresso_4.2.4_299_beta/lpcxpresso/tools/bin/../lib/gcc/arm-none-eabi/4.5.1/../../../../arm-none-eabi/lib/armv6-m\libcr_c.a(stdio.o)
 .text.getchar  0x00000000       0x24 c:/nxp/lpcxpresso_4.2.4_299_beta/lpcxpresso/tools/bin/../lib/gcc/arm-none-eabi/4.5.1/../../../../arm-none-eabi/lib/armv6-m\libcr_c.a(stdio.o)
 .text.putc     0x00000000       0x1e c:/nxp/lpcxpresso_4.2.4_299_beta/lpcxpresso/tools/bin/../lib/gcc/arm-none-eabi/4.5.1/../../../../arm-none-eabi/lib/armv6-m\libcr_c.a(stdio.o)
 .text.putchar  0x00000000       0x28 c:/nxp/lpcxpresso_4.2.4_299_beta/lpcxpresso/tools/bin/../lib/gcc/arm-none-eabi/4.5.1/../../../../arm-none-eabi/lib/armv6-m\libcr_c.a(stdio.o)
 .text.feof     0x00000000        0x8 c:/nxp/lpcxpresso_4.2.4_299_beta/lpcxpresso/tools/bin/../lib/gcc/arm-none-eabi/4.5.1/../../../../arm-none-eabi/lib/armv6-m\libcr_c.a(stdio.o)
 .text.ferror   0x00000000        0x8 c:/nxp/lpcxpresso_4.2.4_299_beta/lpcxpresso/tools/bin/../lib/gcc/arm-none-eabi/4.5.1/../../../../arm-none-eabi/lib/armv6-m\libcr_c.a(stdio.o)
 .text.clearerr
                0x00000000       0x10 c:/nxp/lpcxpresso_4.2.4_299_beta/lpcxpresso/tools/bin/../lib/gcc/arm-none-eabi/4.5.1/../../../../arm-none-eabi/lib/armv6-m\libcr_c.a(stdio.o)
 .text          0x00000000        0x0 c:/nxp/lpcxpresso_4.2.4_299_beta/lpcxpresso/tools/bin/../lib/gcc/arm-none-eabi/4.5.1/../../../../arm-none-eabi/lib/armv6-m\libcr_c.a(memset.o)
 .data          0x00000000        0x0 c:/nxp/lpcxpresso_4.2.4_299_beta/lpcxpresso/tools/bin/../lib/gcc/arm-none-eabi/4.5.1/../../../../arm-none-eabi/lib/armv6-m\libcr_c.a(memset.o)
 .bss           0x00000000        0x0 c:/nxp/lpcxpresso_4.2.4_299_beta/lpcxpresso/tools/bin/../lib/gcc/arm-none-eabi/4.5.1/../../../../arm-none-eabi/lib/armv6-m\libcr_c.a(memset.o)
 .text          0x00000000        0x0 c:/nxp/lpcxpresso_4.2.4_299_beta/lpcxpresso/tools/bin/../lib/gcc/arm-none-eabi/4.5.1/../../../../arm-none-eabi/lib/armv6-m\libcr_c.a(__fillbuf.o)
 .data          0x00000000        0x0 c:/nxp/lpcxpresso_4.2.4_299_beta/lpcxpresso/tools/bin/../lib/gcc/arm-none-eabi/4.5.1/../../../../arm-none-eabi/lib/armv6-m\libcr_c.a(__fillbuf.o)
 .bss           0x00000000        0x0 c:/nxp/lpcxpresso_4.2.4_299_beta/lpcxpresso/tools/bin/../lib/gcc/arm-none-eabi/4.5.1/../../../../arm-none-eabi/lib/armv6-m\libcr_c.a(__fillbuf.o)
 .text._Csys_read_
                0x00000000       0x22 c:/nxp/lpcxpresso_4.2.4_299_beta/lpcxpresso/tools/bin/../lib/gcc/arm-none-eabi/4.5.1/../../../../arm-none-eabi/lib/armv6-m\libcr_c.a(__fillbuf.o)
 .text.__filbuf
                0x00000000      0x18c c:/nxp/lpcxpresso_4.2.4_299_beta/lpcxpresso/tools/bin/../lib/gcc/arm-none-eabi/4.5.1/../../../../arm-none-eabi/lib/armv6-m\libcr_c.a(__fillbuf.o)
 .text._fillb2  0x00000000       0x1c c:/nxp/lpcxpresso_4.2.4_299_beta/lpcxpresso/tools/bin/../lib/gcc/arm-none-eabi/4.5.1/../../../../arm-none-eabi/lib/armv6-m\libcr_c.a(__fillbuf.o)
 .text          0x00000000        0x0 c:/nxp/lpcxpresso_4.2.4_299_beta/lpcxpresso/tools/bin/../lib/gcc/arm-none-eabi/4.5.1/../../../../arm-none-eabi/lib/armv6-m\libcr_c.a(_deferredlazyseek.o)
 .data          0x00000000        0x0 c:/nxp/lpcxpresso_4.2.4_299_beta/lpcxpresso/tools/bin/../lib/gcc/arm-none-eabi/4.5.1/../../../../arm-none-eabi/lib/armv6-m\libcr_c.a(_deferredlazyseek.o)
 .bss           0x00000000        0x0 c:/nxp/lpcxpresso_4.2.4_299_beta/lpcxpresso/tools/bin/../lib/gcc/arm-none-eabi/4.5.1/../../../../arm-none-eabi/lib/armv6-m\libcr_c.a(_deferredlazyseek.o)
 .text.__flsbuf
                0x00000000      0x158 c:/nxp/lpcxpresso_4.2.4_299_beta/lpcxpresso/tools/bin/../lib/gcc/arm-none-eabi/4.5.1/../../../../arm-none-eabi/lib/armv6-m\libcr_c.a(_deferredlazyseek.o)
 .text          0x00000000        0x0 c:/nxp/lpcxpresso_4.2.4_299_beta/lpcxpresso/tools/bin/../lib/gcc/arm-none-eabi/4.5.1/../../../../arm-none-eabi/lib/armv6-m\libcr_c.a(_fdopen.o)
 .data          0x00000000        0x0 c:/nxp/lpcxpresso_4.2.4_299_beta/lpcxpresso/tools/bin/../lib/gcc/arm-none-eabi/4.5.1/../../../../arm-none-eabi/lib/armv6-m\libcr_c.a(_fdopen.o)
 .bss           0x00000000        0x0 c:/nxp/lpcxpresso_4.2.4_299_beta/lpcxpresso/tools/bin/../lib/gcc/arm-none-eabi/4.5.1/../../../../arm-none-eabi/lib/armv6-m\libcr_c.a(_fdopen.o)
 .text          0x00000000        0x0 c:/nxp/lpcxpresso_4.2.4_299_beta/lpcxpresso/tools/bin/../lib/gcc/arm-none-eabi/4.5.1/../../../../arm-none-eabi/lib/armv6-m\libcr_c.a(_fflush.o)
 .data          0x00000000        0x0 c:/nxp/lpcxpresso_4.2.4_299_beta/lpcxpresso/tools/bin/../lib/gcc/arm-none-eabi/4.5.1/../../../../arm-none-eabi/lib/armv6-m\libcr_c.a(_fflush.o)
 .bss           0x00000000        0x0 c:/nxp/lpcxpresso_4.2.4_299_beta/lpcxpresso/tools/bin/../lib/gcc/arm-none-eabi/4.5.1/../../../../arm-none-eabi/lib/armv6-m\libcr_c.a(_fflush.o)
 .text          0x00000000        0x0 c:/nxp/lpcxpresso_4.2.4_299_beta/lpcxpresso/tools/bin/../lib/gcc/arm-none-eabi/4.5.1/../../../../arm-none-eabi/lib/armv6-m\libcr_c.a(_writebuf.o)
 .data          0x00000000        0x0 c:/nxp/lpcxpresso_4.2.4_299_beta/lpcxpresso/tools/bin/../lib/gcc/arm-none-eabi/4.5.1/../../../../arm-none-eabi/lib/armv6-m\libcr_c.a(_writebuf.o)
 .bss           0x00000000        0x0 c:/nxp/lpcxpresso_4.2.4_299_beta/lpcxpresso/tools/bin/../lib/gcc/arm-none-eabi/4.5.1/../../../../arm-none-eabi/lib/armv6-m\libcr_c.a(_writebuf.o)
 .text          0x00000000        0x0 c:/nxp/lpcxpresso_4.2.4_299_beta/lpcxpresso/tools/bin/../lib/gcc/arm-none-eabi/4.5.1/../../../../arm-none-eabi/lib/armv6-m\libcr_c.a(alloc.o)
 .data          0x00000000        0x0 c:/nxp/lpcxpresso_4.2.4_299_beta/lpcxpresso/tools/bin/../lib/gcc/arm-none-eabi/4.5.1/../../../../arm-none-eabi/lib/armv6-m\libcr_c.a(alloc.o)
 .bss           0x00000000        0x0 c:/nxp/lpcxpresso_4.2.4_299_beta/lpcxpresso/tools/bin/../lib/gcc/arm-none-eabi/4.5.1/../../../../arm-none-eabi/lib/armv6-m\libcr_c.a(alloc.o)
 .text.calloc   0x00000000       0x5c c:/nxp/lpcxpresso_4.2.4_299_beta/lpcxpresso/tools/bin/../lib/gcc/arm-none-eabi/4.5.1/../../../../arm-none-eabi/lib/armv6-m\libcr_c.a(alloc.o)
 .text.realloc  0x00000000       0x1e c:/nxp/lpcxpresso_4.2.4_299_beta/lpcxpresso/tools/bin/../lib/gcc/arm-none-eabi/4.5.1/../../../../arm-none-eabi/lib/armv6-m\libcr_c.a(alloc.o)
 .text          0x00000000        0x0 c:/nxp/lpcxpresso_4.2.4_299_beta/lpcxpresso/tools/bin/../lib/gcc/arm-none-eabi/4.5.1/../../../../arm-none-eabi/lib/armv6-m\libcr_c.a(fclose.o)
 .data          0x00000000        0x0 c:/nxp/lpcxpresso_4.2.4_299_beta/lpcxpresso/tools/bin/../lib/gcc/arm-none-eabi/4.5.1/../../../../arm-none-eabi/lib/armv6-m\libcr_c.a(fclose.o)
 .bss           0x00000000        0x0 c:/nxp/lpcxpresso_4.2.4_299_beta/lpcxpresso/tools/bin/../lib/gcc/arm-none-eabi/4.5.1/../../../../arm-none-eabi/lib/armv6-m\libcr_c.a(fclose.o)
 .text          0x00000000        0x0 c:/nxp/lpcxpresso_4.2.4_299_beta/lpcxpresso/tools/bin/../lib/gcc/arm-none-eabi/4.5.1/../../../../arm-none-eabi/lib/armv6-m\libcr_c.a(fflush.o)
 .data          0x00000000        0x0 c:/nxp/lpcxpresso_4.2.4_299_beta/lpcxpresso/tools/bin/../lib/gcc/arm-none-eabi/4.5.1/../../../../arm-none-eabi/lib/armv6-m\libcr_c.a(fflush.o)
 .bss           0x00000000        0x0 c:/nxp/lpcxpresso_4.2.4_299_beta/lpcxpresso/tools/bin/../lib/gcc/arm-none-eabi/4.5.1/../../../../arm-none-eabi/lib/armv6-m\libcr_c.a(fflush.o)
 .text          0x00000000        0x0 c:/nxp/lpcxpresso_4.2.4_299_beta/lpcxpresso/tools/bin/../lib/gcc/arm-none-eabi/4.5.1/../../../../arm-none-eabi/lib/armv6-m\libcr_c.a(fseek.o)
 .data          0x00000000        0x0 c:/nxp/lpcxpresso_4.2.4_299_beta/lpcxpresso/tools/bin/../lib/gcc/arm-none-eabi/4.5.1/../../../../arm-none-eabi/lib/armv6-m\libcr_c.a(fseek.o)
 .bss           0x00000000        0x0 c:/nxp/lpcxpresso_4.2.4_299_beta/lpcxpresso/tools/bin/../lib/gcc/arm-none-eabi/4.5.1/../../../../arm-none-eabi/lib/armv6-m\libcr_c.a(fseek.o)
 .text          0x00000000        0x0 c:/nxp/lpcxpresso_4.2.4_299_beta/lpcxpresso/tools/bin/../lib/gcc/arm-none-eabi/4.5.1/../../../../arm-none-eabi/lib/armv6-m\libcr_c.a(ftell.o)
 .data          0x00000000        0x0 c:/nxp/lpcxpresso_4.2.4_299_beta/lpcxpresso/tools/bin/../lib/gcc/arm-none-eabi/4.5.1/../../../../arm-none-eabi/lib/armv6-m\libcr_c.a(ftell.o)
 .bss           0x00000000        0x0 c:/nxp/lpcxpresso_4.2.4_299_beta/lpcxpresso/tools/bin/../lib/gcc/arm-none-eabi/4.5.1/../../../../arm-none-eabi/lib/armv6-m\libcr_c.a(ftell.o)
 .text          0x00000000        0x0 c:/nxp/lpcxpresso_4.2.4_299_beta/lpcxpresso/tools/bin/../lib/gcc/arm-none-eabi/4.5.1/../../../../arm-none-eabi/lib/armv6-m\libcr_c.a(remove.o)
 .data          0x00000000        0x0 c:/nxp/lpcxpresso_4.2.4_299_beta/lpcxpresso/tools/bin/../lib/gcc/arm-none-eabi/4.5.1/../../../../arm-none-eabi/lib/armv6-m\libcr_c.a(remove.o)
 .bss           0x00000000        0x0 c:/nxp/lpcxpresso_4.2.4_299_beta/lpcxpresso/tools/bin/../lib/gcc/arm-none-eabi/4.5.1/../../../../arm-none-eabi/lib/armv6-m\libcr_c.a(remove.o)
 .text.rename   0x00000000       0x28 c:/nxp/lpcxpresso_4.2.4_299_beta/lpcxpresso/tools/bin/../lib/gcc/arm-none-eabi/4.5.1/../../../../arm-none-eabi/lib/armv6-m\libcr_c.a(remove.o)
 .text          0x00000000        0x0 c:/nxp/lpcxpresso_4.2.4_299_beta/lpcxpresso/tools/bin/../lib/gcc/arm-none-eabi/4.5.1/../../../../arm-none-eabi/lib/armv6-m\libcr_c.a(strlen.o)
 .data          0x00000000        0x0 c:/nxp/lpcxpresso_4.2.4_299_beta/lpcxpresso/tools/bin/../lib/gcc/arm-none-eabi/4.5.1/../../../../arm-none-eabi/lib/armv6-m\libcr_c.a(strlen.o)
 .bss           0x00000000        0x0 c:/nxp/lpcxpresso_4.2.4_299_beta/lpcxpresso/tools/bin/../lib/gcc/arm-none-eabi/4.5.1/../../../../arm-none-eabi/lib/armv6-m\libcr_c.a(strlen.o)
 .text          0x00000000        0x0 c:/nxp/lpcxpresso_4.2.4_299_beta/lpcxpresso/tools/bin/../lib/gcc/arm-none-eabi/4.5.1/../../../../arm-none-eabi/lib/armv6-m\libcr_c.a(memcpy.o)
 .data          0x00000000        0x0 c:/nxp/lpcxpresso_4.2.4_299_beta/lpcxpresso/tools/bin/../lib/gcc/arm-none-eabi/4.5.1/../../../../arm-none-eabi/lib/armv6-m\libcr_c.a(memcpy.o)
 .bss           0x00000000        0x0 c:/nxp/lpcxpresso_4.2.4_299_beta/lpcxpresso/tools/bin/../lib/gcc/arm-none-eabi/4.5.1/../../../../arm-none-eabi/lib/armv6-m\libcr_c.a(memcpy.o)
 .text.memcpy   0x00000000        0x8 c:/nxp/lpcxpresso_4.2.4_299_beta/lpcxpresso/tools/bin/../lib/gcc/arm-none-eabi/4.5.1/../../../../arm-none-eabi/lib/armv6-m\libcr_c.a(memcpy.o)
 .text          0x00000000        0x0 c:/nxp/lpcxpresso_4.2.4_299_beta/lpcxpresso/tools/bin/../lib/gcc/arm-none-eabi/4.5.1/../../../../arm-none-eabi/lib/armv6-m\libcr_c.a(__init_alloc.o)
 .data          0x00000000        0x0 c:/nxp/lpcxpresso_4.2.4_299_beta/lpcxpresso/tools/bin/../lib/gcc/arm-none-eabi/4.5.1/../../../../arm-none-eabi/lib/armv6-m\libcr_c.a(__init_alloc.o)
 .bss           0x00000000        0x0 c:/nxp/lpcxpresso_4.2.4_299_beta/lpcxpresso/tools/bin/../lib/gcc/arm-none-eabi/4.5.1/../../../../arm-none-eabi/lib/armv6-m\libcr_c.a(__init_alloc.o)
 .text._init_alloc
                0x00000000       0x14 c:/nxp/lpcxpresso_4.2.4_299_beta/lpcxpresso/tools/bin/../lib/gcc/arm-none-eabi/4.5.1/../../../../arm-none-eabi/lib/armv6-m\libcr_c.a(__init_alloc.o)
 .text          0x00000000        0x0 c:/nxp/lpcxpresso_4.2.4_299_beta/lpcxpresso/tools/bin/../lib/gcc/arm-none-eabi/4.5.1/../../../../arm-none-eabi/lib/armv6-m\libcr_c.a(_do_fflush.o)
 .data          0x00000000        0x0 c:/nxp/lpcxpresso_4.2.4_299_beta/lpcxpresso/tools/bin/../lib/gcc/arm-none-eabi/4.5.1/../../../../arm-none-eabi/lib/armv6-m\libcr_c.a(_do_fflush.o)
 .bss           0x00000000        0x0 c:/nxp/lpcxpresso_4.2.4_299_beta/lpcxpresso/tools/bin/../lib/gcc/arm-none-eabi/4.5.1/../../../../arm-none-eabi/lib/armv6-m\libcr_c.a(_do_fflush.o)
 .text          0x00000000        0x0 c:/nxp/lpcxpresso_4.2.4_299_beta/lpcxpresso/tools/bin/../lib/gcc/arm-none-eabi/4.5.1/../../../../arm-none-eabi/lib/armv6-m\libcr_c.a(errno.o)
 .data          0x00000000        0x0 c:/nxp/lpcxpresso_4.2.4_299_beta/lpcxpresso/tools/bin/../lib/gcc/arm-none-eabi/4.5.1/../../../../arm-none-eabi/lib/armv6-m\libcr_c.a(errno.o)
 .bss           0x00000000        0x0 c:/nxp/lpcxpresso_4.2.4_299_beta/lpcxpresso/tools/bin/../lib/gcc/arm-none-eabi/4.5.1/../../../../arm-none-eabi/lib/armv6-m\libcr_c.a(errno.o)
 .text          0x00000000        0x0 c:/nxp/lpcxpresso_4.2.4_299_beta/lpcxpresso/tools/bin/../lib/gcc/arm-none-eabi/4.5.1/armv6-m\libcr_eabihelpers.a(division.o)
 .data          0x00000000        0x0 c:/nxp/lpcxpresso_4.2.4_299_beta/lpcxpresso/tools/bin/../lib/gcc/arm-none-eabi/4.5.1/armv6-m\libcr_eabihelpers.a(division.o)
 .bss           0x00000000        0x0 c:/nxp/lpcxpresso_4.2.4_299_beta/lpcxpresso/tools/bin/../lib/gcc/arm-none-eabi/4.5.1/armv6-m\libcr_eabihelpers.a(division.o)
 .text.__aeabi_division_idivmod
                0x00000000        0x6 c:/nxp/lpcxpresso_4.2.4_299_beta/lpcxpresso/tools/bin/../lib/gcc/arm-none-eabi/4.5.1/armv6-m\libcr_eabihelpers.a(division.o)
 .text.__aeabi_division_uldivmod
                0x00000000       0x5a c:/nxp/lpcxpresso_4.2.4_299_beta/lpcxpresso/tools/bin/../lib/gcc/arm-none-eabi/4.5.1/armv6-m\libcr_eabihelpers.a(division.o)
 .text.__aeabi_division_ldivmod
                0x00000000       0x32 c:/nxp/lpcxpresso_4.2.4_299_beta/lpcxpresso/tools/bin/../lib/gcc/arm-none-eabi/4.5.1/armv6-m\libcr_eabihelpers.a(division.o)
 .text.__aeabi_division_ldiv0
                0x00000000        0x2 c:/nxp/lpcxpresso_4.2.4_299_beta/lpcxpresso/tools/bin/../lib/gcc/arm-none-eabi/4.5.1/armv6-m\libcr_eabihelpers.a(division.o)
 .text.__aeabi_division_idivq31+15
                0x00000000      0x188 c:/nxp/lpcxpresso_4.2.4_299_beta/lpcxpresso/tools/bin/../lib/gcc/arm-none-eabi/4.5.1/armv6-m\libcr_eabihelpers.a(division.o)
 .text          0x00000000        0x0 c:/nxp/lpcxpresso_4.2.4_299_beta/lpcxpresso/tools/bin/../lib/gcc/arm-none-eabi/4.5.1/armv6-m\libcr_eabihelpers.a(memcpy.o)
 .data          0x00000000        0x0 c:/nxp/lpcxpresso_4.2.4_299_beta/lpcxpresso/tools/bin/../lib/gcc/arm-none-eabi/4.5.1/armv6-m\libcr_eabihelpers.a(memcpy.o)
 .bss           0x00000000        0x0 c:/nxp/lpcxpresso_4.2.4_299_beta/lpcxpresso/tools/bin/../lib/gcc/arm-none-eabi/4.5.1/armv6-m\libcr_eabihelpers.a(memcpy.o)
 .text.__aeabi_memcpy
                0x00000000       0x2c c:/nxp/lpcxpresso_4.2.4_299_beta/lpcxpresso/tools/bin/../lib/gcc/arm-none-eabi/4.5.1/armv6-m\libcr_eabihelpers.a(memcpy.o)
 .text.__aeabi_memmove
                0x00000000       0x1c c:/nxp/lpcxpresso_4.2.4_299_beta/lpcxpresso/tools/bin/../lib/gcc/arm-none-eabi/4.5.1/armv6-m\libcr_eabihelpers.a(memcpy.o)
 .text.__aeabi_memclr
                0x00000000        0x6 c:/nxp/lpcxpresso_4.2.4_299_beta/lpcxpresso/tools/bin/../lib/gcc/arm-none-eabi/4.5.1/armv6-m\libcr_eabihelpers.a(memcpy.o)
 .text.__aeabi_memset
                0x00000000        0x8 c:/nxp/lpcxpresso_4.2.4_299_beta/lpcxpresso/tools/bin/../lib/gcc/arm-none-eabi/4.5.1/armv6-m\libcr_eabihelpers.a(memcpy.o)
 .text          0x00000000        0x0 c:/nxp/lpcxpresso_4.2.4_299_beta/lpcxpresso/tools/bin/../lib/gcc/arm-none-eabi/4.5.1/../../../../arm-none-eabi/lib/armv6-m\libcr_semihost.a(__sys_appexit.o)
 .data          0x00000000        0x0 c:/nxp/lpcxpresso_4.2.4_299_beta/lpcxpresso/tools/bin/../lib/gcc/arm-none-eabi/4.5.1/../../../../arm-none-eabi/lib/armv6-m\libcr_semihost.a(__sys_appexit.o)
 .bss           0x00000000        0x0 c:/nxp/lpcxpresso_4.2.4_299_beta/lpcxpresso/tools/bin/../lib/gcc/arm-none-eabi/4.5.1/../../../../arm-none-eabi/lib/armv6-m\libcr_semihost.a(__sys_appexit.o)
 .text          0x00000000        0x0 c:/nxp/lpcxpresso_4.2.4_299_beta/lpcxpresso/tools/bin/../lib/gcc/arm-none-eabi/4.5.1/../../../../arm-none-eabi/lib/armv6-m\libcr_semihost.a(__sys_close.o)
 .data          0x00000000        0x0 c:/nxp/lpcxpresso_4.2.4_299_beta/lpcxpresso/tools/bin/../lib/gcc/arm-none-eabi/4.5.1/../../../../arm-none-eabi/lib/armv6-m\libcr_semihost.a(__sys_close.o)
 .bss           0x00000000        0x0 c:/nxp/lpcxpresso_4.2.4_299_beta/lpcxpresso/tools/bin/../lib/gcc/arm-none-eabi/4.5.1/../../../../arm-none-eabi/lib/armv6-m\libcr_semihost.a(__sys_close.o)
 .text          0x00000000        0x0 c:/nxp/lpcxpresso_4.2.4_299_beta/lpcxpresso/tools/bin/../lib/gcc/arm-none-eabi/4.5.1/../../../../arm-none-eabi/lib/armv6-m\libcr_semihost.a(__sys_flen.o)
 .data          0x00000000        0x0 c:/nxp/lpcxpresso_4.2.4_299_beta/lpcxpresso/tools/bin/../lib/gcc/arm-none-eabi/4.5.1/../../../../arm-none-eabi/lib/armv6-m\libcr_semihost.a(__sys_flen.o)
 .bss           0x00000000        0x0 c:/nxp/lpcxpresso_4.2.4_299_beta/lpcxpresso/tools/bin/../lib/gcc/arm-none-eabi/4.5.1/../../../../arm-none-eabi/lib/armv6-m\libcr_semihost.a(__sys_flen.o)
 .text          0x00000000        0x0 c:/nxp/lpcxpresso_4.2.4_299_beta/lpcxpresso/tools/bin/../lib/gcc/arm-none-eabi/4.5.1/../../../../arm-none-eabi/lib/armv6-m\libcr_semihost.a(__sys_istty.o)
 .data          0x00000000        0x0 c:/nxp/lpcxpresso_4.2.4_299_beta/lpcxpresso/tools/bin/../lib/gcc/arm-none-eabi/4.5.1/../../../../arm-none-eabi/lib/armv6-m\libcr_semihost.a(__sys_istty.o)
 .bss           0x00000000        0x0 c:/nxp/lpcxpresso_4.2.4_299_beta/lpcxpresso/tools/bin/../lib/gcc/arm-none-eabi/4.5.1/../../../../arm-none-eabi/lib/armv6-m\libcr_semihost.a(__sys_istty.o)
 .text          0x00000000        0x0 c:/nxp/lpcxpresso_4.2.4_299_beta/lpcxpresso/tools/bin/../lib/gcc/arm-none-eabi/4.5.1/../../../../arm-none-eabi/lib/armv6-m\libcr_semihost.a(__sys_read.o)
 .data          0x00000000        0x0 c:/nxp/lpcxpresso_4.2.4_299_beta/lpcxpresso/tools/bin/../lib/gcc/arm-none-eabi/4.5.1/../../../../arm-none-eabi/lib/armv6-m\libcr_semihost.a(__sys_read.o)
 .bss           0x00000000        0x0 c:/nxp/lpcxpresso_4.2.4_299_beta/lpcxpresso/tools/bin/../lib/gcc/arm-none-eabi/4.5.1/../../../../arm-none-eabi/lib/armv6-m\libcr_semihost.a(__sys_read.o)
 .text.__sys_read
                0x00000000        0xc c:/nxp/lpcxpresso_4.2.4_299_beta/lpcxpresso/tools/bin/../lib/gcc/arm-none-eabi/4.5.1/../../../../arm-none-eabi/lib/armv6-m\libcr_semihost.a(__sys_read.o)
 .text          0x00000000        0x0 c:/nxp/lpcxpresso_4.2.4_299_beta/lpcxpresso/tools/bin/../lib/gcc/arm-none-eabi/4.5.1/../../../../arm-none-eabi/lib/armv6-m\libcr_semihost.a(__sys_readc.o)
 .data          0x00000000        0x0 c:/nxp/lpcxpresso_4.2.4_299_beta/lpcxpresso/tools/bin/../lib/gcc/arm-none-eabi/4.5.1/../../../../arm-none-eabi/lib/armv6-m\libcr_semihost.a(__sys_readc.o)
 .bss           0x00000000        0x0 c:/nxp/lpcxpresso_4.2.4_299_beta/lpcxpresso/tools/bin/../lib/gcc/arm-none-eabi/4.5.1/../../../../arm-none-eabi/lib/armv6-m\libcr_semihost.a(__sys_readc.o)
 .text.__sys_readc
                0x00000000        0x8 c:/nxp/lpcxpresso_4.2.4_299_beta/lpcxpresso/tools/bin/../lib/gcc/arm-none-eabi/4.5.1/../../../../arm-none-eabi/lib/armv6-m\libcr_semihost.a(__sys_readc.o)
 .text          0x00000000        0x0 c:/nxp/lpcxpresso_4.2.4_299_beta/lpcxpresso/tools/bin/../lib/gcc/arm-none-eabi/4.5.1/../../../../arm-none-eabi/lib/armv6-m\libcr_semihost.a(__sys_remove.o)
 .data          0x00000000        0x0 c:/nxp/lpcxpresso_4.2.4_299_beta/lpcxpresso/tools/bin/../lib/gcc/arm-none-eabi/4.5.1/../../../../arm-none-eabi/lib/armv6-m\libcr_semihost.a(__sys_remove.o)
 .bss           0x00000000        0x0 c:/nxp/lpcxpresso_4.2.4_299_beta/lpcxpresso/tools/bin/../lib/gcc/arm-none-eabi/4.5.1/../../../../arm-none-eabi/lib/armv6-m\libcr_semihost.a(__sys_remove.o)
 .text          0x00000000        0x0 c:/nxp/lpcxpresso_4.2.4_299_beta/lpcxpresso/tools/bin/../lib/gcc/arm-none-eabi/4.5.1/../../../../arm-none-eabi/lib/armv6-m\libcr_semihost.a(__sys_rename.o)
 .data          0x00000000        0x0 c:/nxp/lpcxpresso_4.2.4_299_beta/lpcxpresso/tools/bin/../lib/gcc/arm-none-eabi/4.5.1/../../../../arm-none-eabi/lib/armv6-m\libcr_semihost.a(__sys_rename.o)
 .bss           0x00000000        0x0 c:/nxp/lpcxpresso_4.2.4_299_beta/lpcxpresso/tools/bin/../lib/gcc/arm-none-eabi/4.5.1/../../../../arm-none-eabi/lib/armv6-m\libcr_semihost.a(__sys_rename.o)
 .text.__sys_rename
                0x00000000        0xc c:/nxp/lpcxpresso_4.2.4_299_beta/lpcxpresso/tools/bin/../lib/gcc/arm-none-eabi/4.5.1/../../../../arm-none-eabi/lib/armv6-m\libcr_semihost.a(__sys_rename.o)
 .text          0x00000000        0x0 c:/nxp/lpcxpresso_4.2.4_299_beta/lpcxpresso/tools/bin/../lib/gcc/arm-none-eabi/4.5.1/../../../../arm-none-eabi/lib/armv6-m\libcr_semihost.a(__sys_seek.o)
 .data          0x00000000        0x0 c:/nxp/lpcxpresso_4.2.4_299_beta/lpcxpresso/tools/bin/../lib/gcc/arm-none-eabi/4.5.1/../../../../arm-none-eabi/lib/armv6-m\libcr_semihost.a(__sys_seek.o)
 .bss           0x00000000        0x0 c:/nxp/lpcxpresso_4.2.4_299_beta/lpcxpresso/tools/bin/../lib/gcc/arm-none-eabi/4.5.1/../../../../arm-none-eabi/lib/armv6-m\libcr_semihost.a(__sys_seek.o)
 .text          0x00000000        0x0 c:/nxp/lpcxpresso_4.2.4_299_beta/lpcxpresso/tools/bin/../lib/gcc/arm-none-eabi/4.5.1/../../../../arm-none-eabi/lib/armv6-m\libcr_semihost.a(__sys_tmpnam.o)
 .data          0x00000000        0x0 c:/nxp/lpcxpresso_4.2.4_299_beta/lpcxpresso/tools/bin/../lib/gcc/arm-none-eabi/4.5.1/../../../../arm-none-eabi/lib/armv6-m\libcr_semihost.a(__sys_tmpnam.o)
 .bss           0x00000000        0x0 c:/nxp/lpcxpresso_4.2.4_299_beta/lpcxpresso/tools/bin/../lib/gcc/arm-none-eabi/4.5.1/../../../../arm-none-eabi/lib/armv6-m\libcr_semihost.a(__sys_tmpnam.o)
 .text          0x00000000        0x0 c:/nxp/lpcxpresso_4.2.4_299_beta/lpcxpresso/tools/bin/../lib/gcc/arm-none-eabi/4.5.1/../../../../arm-none-eabi/lib/armv6-m\libcr_semihost.a(__sys_write.o)
 .data          0x00000000        0x0 c:/nxp/lpcxpresso_4.2.4_299_beta/lpcxpresso/tools/bin/../lib/gcc/arm-none-eabi/4.5.1/../../../../arm-none-eabi/lib/armv6-m\libcr_semihost.a(__sys_write.o)
 .bss           0x00000000        0x0 c:/nxp/lpcxpresso_4.2.4_299_beta/lpcxpresso/tools/bin/../lib/gcc/arm-none-eabi/4.5.1/../../../../arm-none-eabi/lib/armv6-m\libcr_semihost.a(__sys_write.o)
 .text          0x00000000        0x0 c:/nxp/lpcxpresso_4.2.4_299_beta/lpcxpresso/tools/bin/../lib/gcc/arm-none-eabi/4.5.1/../../../../arm-none-eabi/lib/armv6-m\libcr_semihost.a(_cr_sbrk.o)
 .data          0x00000000        0x0 c:/nxp/lpcxpresso_4.2.4_299_beta/lpcxpresso/tools/bin/../lib/gcc/arm-none-eabi/4.5.1/../../../../arm-none-eabi/lib/armv6-m\libcr_semihost.a(_cr_sbrk.o)
 .bss           0x00000000        0x0 c:/nxp/lpcxpresso_4.2.4_299_beta/lpcxpresso/tools/bin/../lib/gcc/arm-none-eabi/4.5.1/../../../../arm-none-eabi/lib/armv6-m\libcr_semihost.a(_cr_sbrk.o)
 .text          0x00000000        0x0 c:/nxp/lpcxpresso_4.2.4_299_beta/lpcxpresso/tools/bin/../lib/gcc/arm-none-eabi/4.5.1/../../../../arm-none-eabi/lib/armv6-m\libcr_semihost.a(_cr_check_heap.o)
 .data          0x00000000        0x0 c:/nxp/lpcxpresso_4.2.4_299_beta/lpcxpresso/tools/bin/../lib/gcc/arm-none-eabi/4.5.1/../../../../arm-none-eabi/lib/armv6-m\libcr_semihost.a(_cr_check_heap.o)
 .bss           0x00000000        0x0 c:/nxp/lpcxpresso_4.2.4_299_beta/lpcxpresso/tools/bin/../lib/gcc/arm-none-eabi/4.5.1/../../../../arm-none-eabi/lib/armv6-m\libcr_semihost.a(_cr_check_heap.o)

Memory Configuration

Name             Origin             Length             Attributes
MFlash128        0x00000000         0x00020000         xr
RamLoc8          0x10000000         0x00002000         xrw
RamUsb2          0x20004000         0x00000800         xrw
*default*        0x00000000         0xffffffff

Linker script and memory map

LOAD ./src/autoisp_main.o
LOAD ./src/cr_startup_lpc11u.o
LOAD ./src/wdt.o
LOAD C:\Board Code\11Uxx code\tejas lpcxpresso non rom issue\LPC11Uxx_Driver_Lib\Debug\libLPC11Uxx_Driver_Lib.a
LOAD C:\Board Code\11Uxx code\tejas lpcxpresso non rom issue\CMSISv2p00_LPC11Uxx\Debug\libCMSISv2p00_LPC11Uxx.a
START GROUP
LOAD c:/nxp/lpcxpresso_4.2.4_299_beta/lpcxpresso/tools/bin/../lib/gcc/arm-none-eabi/4.5.1/../../../../arm-none-eabi/lib/armv6-m\libcr_semihost.a
LOAD c:/nxp/lpcxpresso_4.2.4_299_beta/lpcxpresso/tools/bin/../lib/gcc/arm-none-eabi/4.5.1/../../../../arm-none-eabi/lib/armv6-m\libcr_c.a
LOAD c:/nxp/lpcxpresso_4.2.4_299_beta/lpcxpresso/tools/bin/../lib/gcc/arm-none-eabi/4.5.1/armv6-m\libcr_eabihelpers.a
END GROUP
                0x00020000                __top_MFlash128 = 0x20000
                0x10002000                __top_RamLoc8 = 0x10002000
                0x20004800                __top_RamUsb2 = 0x20004800

.text           0x00000000     0x1548
 FILL mask 0xff
 *(.isr_vector)
 .isr_vector    0x00000000       0xc0 ./src/cr_startup_lpc11u.o
                0x00000000                g_pfnVectors
                0x000000c0                . = ALIGN (0x4)
                0x000000c0                __section_table_start = .
                0x000000c0                __data_section_table = .
                0x000000c0        0x4 LONG 0x1548 LOADADDR (.data)
                0x000000c4        0x4 LONG 0x10000000 ADDR (.data)
                0x000000c8        0x4 LONG 0x8 SIZEOF (.data)
                0x000000cc        0x4 LONG 0x1548 LOADADDR (.data_RAM2)
                0x000000d0        0x4 LONG 0x20004000 ADDR (.data_RAM2)
                0x000000d4        0x4 LONG 0x0 SIZEOF (.data_RAM2)
                0x000000d8                __data_section_table_end = .
                0x000000d8                __bss_section_table = .
                0x000000d8        0x4 LONG 0x10000008 ADDR (.bss)
                0x000000dc        0x4 LONG 0x214 SIZEOF (.bss)
                0x000000e0        0x4 LONG 0x20004000 ADDR (.bss_RAM2)
                0x000000e4        0x4 LONG 0x0 SIZEOF (.bss_RAM2)
                0x000000e8                __bss_section_table_end = .
                0x000000e8                __section_table_end = .
 *(.after_vectors*)
 .after_vectors
                0x000000e8      0x134 ./src/cr_startup_lpc11u.o
                0x000000e8                data_init
                0x0000012c                bss_init
                0x00000160                ResetISR
                0x000001ec                NMI_Handler
                0x000001f4                HardFault_Handler
                0x000001fc                SVC_Handler
                0x00000204                PendSV_Handler
                0x00000214                TIMER32_1_IRQHandler
                0x00000214                IntDefaultHandler
                0x00000214                SSP0_IRQHandler
                0x00000214                TIMER32_0_IRQHandler
                0x00000214                UART_IRQHandler
                0x00000214                TIMER16_1_IRQHandler
                0x00000214                USB_FIQHandler
                0x00000214                ADC_IRQHandler
                0x00000214                SSP1_IRQHandler
                0x00000214                USB_IRQHandler
                0x00000214                BOD_IRQHandler
                0x00000214                I2C_IRQHandler
                0x00000214                TIMER16_0_IRQHandler
                0x00000214                USBWakeup_IRQHandler
                0x00000214                FMC_IRQHandler
 *(.text*)
 .text.NVIC_SetPriority
                0x0000021c       0xe0 ./src/autoisp_main.o
 .text.SysTick_Config
                0x000002fc       0x4c ./src/autoisp_main.o
 .text.SysTick_Handler
                0x00000348       0x18 ./src/autoisp_main.o
                0x00000348                SysTick_Handler
 .text.ReinvokeISP
                0x00000360       0x94 ./src/autoisp_main.o
                0x00000360                ReinvokeISP
 .text.main     0x000003f4       0x90 ./src/autoisp_main.o
                0x000003f4                main
 .text.WDT_IRQHandler
                0x00000484        0x8 ./src/wdt.o
                0x00000484                WDT_IRQHandler
 .text.WDTInit  0x0000048c       0x4c ./src/wdt.o
                0x0000048c                WDTInit
 .text.WDT_CLK_Setup
                0x000004d8       0x4c C:\Board Code\11Uxx code\tejas lpcxpresso non rom issue\LPC11Uxx_Driver_Lib\Debug\libLPC11Uxx_Driver_Lib.a(clkconfig.o)
                0x000004d8                WDT_CLK_Setup
 .text.FLEX_INT0_IRQHandler
                0x00000524       0xb8 C:\Board Code\11Uxx code\tejas lpcxpresso non rom issue\LPC11Uxx_Driver_Lib\Debug\libLPC11Uxx_Driver_Lib.a(gpio.o)
                0x00000524                FLEX_INT0_IRQHandler
 .text.FLEX_INT1_IRQHandler
                0x000005dc       0xac C:\Board Code\11Uxx code\tejas lpcxpresso non rom issue\LPC11Uxx_Driver_Lib\Debug\libLPC11Uxx_Driver_Lib.a(gpio.o)
                0x000005dc                FLEX_INT1_IRQHandler
 .text.FLEX_INT2_IRQHandler
                0x00000688       0xac C:\Board Code\11Uxx code\tejas lpcxpresso non rom issue\LPC11Uxx_Driver_Lib\Debug\libLPC11Uxx_Driver_Lib.a(gpio.o)
                0x00000688                FLEX_INT2_IRQHandler
 .text.FLEX_INT3_IRQHandler
                0x00000734       0xac C:\Board Code\11Uxx code\tejas lpcxpresso non rom issue\LPC11Uxx_Driver_Lib\Debug\libLPC11Uxx_Driver_Lib.a(gpio.o)
                0x00000734                FLEX_INT3_IRQHandler
 .text.FLEX_INT4_IRQHandler
                0x000007e0       0xac C:\Board Code\11Uxx code\tejas lpcxpresso non rom issue\LPC11Uxx_Driver_Lib\Debug\libLPC11Uxx_Driver_Lib.a(gpio.o)
                0x000007e0                FLEX_INT4_IRQHandler
 .text.FLEX_INT5_IRQHandler
                0x0000088c       0xac C:\Board Code\11Uxx code\tejas lpcxpresso non rom issue\LPC11Uxx_Driver_Lib\Debug\libLPC11Uxx_Driver_Lib.a(gpio.o)
                0x0000088c                FLEX_INT5_IRQHandler
 .text.FLEX_INT6_IRQHandler
                0x00000938       0xac C:\Board Code\11Uxx code\tejas lpcxpresso non rom issue\LPC11Uxx_Driver_Lib\Debug\libLPC11Uxx_Driver_Lib.a(gpio.o)
                0x00000938                FLEX_INT6_IRQHandler
 .text.FLEX_INT7_IRQHandler
                0x000009e4       0xac C:\Board Code\11Uxx code\tejas lpcxpresso non rom issue\LPC11Uxx_Driver_Lib\Debug\libLPC11Uxx_Driver_Lib.a(gpio.o)
                0x000009e4                FLEX_INT7_IRQHandler
 .text.GINT0_IRQHandler
                0x00000a90       0x64 C:\Board Code\11Uxx code\tejas lpcxpresso non rom issue\LPC11Uxx_Driver_Lib\Debug\libLPC11Uxx_Driver_Lib.a(gpio.o)
                0x00000a90                GINT0_IRQHandler
 .text.GINT1_IRQHandler
                0x00000af4       0x64 C:\Board Code\11Uxx code\tejas lpcxpresso non rom issue\LPC11Uxx_Driver_Lib\Debug\libLPC11Uxx_Driver_Lib.a(gpio.o)
                0x00000af4                GINT1_IRQHandler
 .text.GPIOInit
                0x00000b58       0x30 C:\Board Code\11Uxx code\tejas lpcxpresso non rom issue\LPC11Uxx_Driver_Lib\Debug\libLPC11Uxx_Driver_Lib.a(gpio.o)
                0x00000b58                GPIOInit
 .text.GPIOSetBitValue
                0x00000b88       0x54 C:\Board Code\11Uxx code\tejas lpcxpresso non rom issue\LPC11Uxx_Driver_Lib\Debug\libLPC11Uxx_Driver_Lib.a(gpio.o)
                0x00000b88                GPIOSetBitValue
 .text.GPIOSetDir
                0x00000bdc       0x78 C:\Board Code\11Uxx code\tejas lpcxpresso non rom issue\LPC11Uxx_Driver_Lib\Debug\libLPC11Uxx_Driver_Lib.a(gpio.o)
                0x00000bdc                GPIOSetDir
 .text.SystemInit
                0x00000c54      0x16c C:\Board Code\11Uxx code\tejas lpcxpresso non rom issue\LPC11Uxx_Driver_Lib\Debug\libLPC11Uxx_Driver_Lib.a(system_LPC11Uxx.o)
                0x00000c54                SystemInit
 .text.__main   0x00000dc0       0x12 c:/nxp/lpcxpresso_4.2.4_299_beta/lpcxpresso/tools/bin/../lib/gcc/arm-none-eabi/4.5.1/../../../../arm-none-eabi/lib/armv6-m\libcr_semihost.a(_cr__main.o)
                0x00000dc0                __CR_SEMIHOST
                0x00000dc0                __main
 *fill*         0x00000dd2        0x2 00
 .text._initio  0x00000dd4       0xa4 c:/nxp/lpcxpresso_4.2.4_299_beta/lpcxpresso/tools/bin/../lib/gcc/arm-none-eabi/4.5.1/../../../../arm-none-eabi/lib/armv6-m\libcr_c.a(initio.o)
                0x00000dd4                _initio
 .text.setvbuf  0x00000e78       0x48 c:/nxp/lpcxpresso_4.2.4_299_beta/lpcxpresso/tools/bin/../lib/gcc/arm-none-eabi/4.5.1/../../../../arm-none-eabi/lib/armv6-m\libcr_c.a(setvbuf.o)
                0x00000e78                setvbuf
 .text.memset   0x00000ec0        0x8 c:/nxp/lpcxpresso_4.2.4_299_beta/lpcxpresso/tools/bin/../lib/gcc/arm-none-eabi/4.5.1/../../../../arm-none-eabi/lib/armv6-m\libcr_c.a(memset.o)
                0x00000ec0                memset
 .text._deferredlazyseek
                0x00000ec8       0x44 c:/nxp/lpcxpresso_4.2.4_299_beta/lpcxpresso/tools/bin/../lib/gcc/arm-none-eabi/4.5.1/../../../../arm-none-eabi/lib/armv6-m\libcr_c.a(_deferredlazyseek.o)
                0x00000ec8                _deferredlazyseek
 .text._fdopen  0x00000f0c       0x6c c:/nxp/lpcxpresso_4.2.4_299_beta/lpcxpresso/tools/bin/../lib/gcc/arm-none-eabi/4.5.1/../../../../arm-none-eabi/lib/armv6-m\libcr_c.a(_fdopen.o)
                0x00000f0c                _fdopen
 .text._fflush  0x00000f78       0x60 c:/nxp/lpcxpresso_4.2.4_299_beta/lpcxpresso/tools/bin/../lib/gcc/arm-none-eabi/4.5.1/../../../../arm-none-eabi/lib/armv6-m\libcr_c.a(_fflush.o)
                0x00000f78                _fflush
 .text._Cwritebuf
                0x00000fd8       0x6c c:/nxp/lpcxpresso_4.2.4_299_beta/lpcxpresso/tools/bin/../lib/gcc/arm-none-eabi/4.5.1/../../../../arm-none-eabi/lib/armv6-m\libcr_c.a(_writebuf.o)
                0x00000fd8                _Cwritebuf
 .text.malloc   0x00001044       0xbc c:/nxp/lpcxpresso_4.2.4_299_beta/lpcxpresso/tools/bin/../lib/gcc/arm-none-eabi/4.5.1/../../../../arm-none-eabi/lib/armv6-m\libcr_c.a(alloc.o)
                0x00001044                malloc
 .text.free     0x00001100        0xa c:/nxp/lpcxpresso_4.2.4_299_beta/lpcxpresso/tools/bin/../lib/gcc/arm-none-eabi/4.5.1/../../../../arm-none-eabi/lib/armv6-m\libcr_c.a(alloc.o)
                0x00001100                free
 *fill*         0x0000110a        0x2 00
 .text._Csys_alloc
                0x0000110c       0x20 c:/nxp/lpcxpresso_4.2.4_299_beta/lpcxpresso/tools/bin/../lib/gcc/arm-none-eabi/4.5.1/../../../../arm-none-eabi/lib/armv6-m\libcr_c.a(alloc.o)
                0x0000110c                _Csys_alloc
 .text.fclose   0x0000112c       0x70 c:/nxp/lpcxpresso_4.2.4_299_beta/lpcxpresso/tools/bin/../lib/gcc/arm-none-eabi/4.5.1/../../../../arm-none-eabi/lib/armv6-m\libcr_c.a(fclose.o)
                0x0000112c                fclose
 .text.fflush   0x0000119c       0x38 c:/nxp/lpcxpresso_4.2.4_299_beta/lpcxpresso/tools/bin/../lib/gcc/arm-none-eabi/4.5.1/../../../../arm-none-eabi/lib/armv6-m\libcr_c.a(fflush.o)
                0x0000119c                fflush
 .text.fseek    0x000011d4       0xf0 c:/nxp/lpcxpresso_4.2.4_299_beta/lpcxpresso/tools/bin/../lib/gcc/arm-none-eabi/4.5.1/../../../../arm-none-eabi/lib/armv6-m\libcr_c.a(fseek.o)
                0x000011d4                fseek
 .text.ftell    0x000012c4       0x50 c:/nxp/lpcxpresso_4.2.4_299_beta/lpcxpresso/tools/bin/../lib/gcc/arm-none-eabi/4.5.1/../../../../arm-none-eabi/lib/armv6-m\libcr_c.a(ftell.o)
                0x000012c4                ftell
 .text.remove   0x00001314       0x12 c:/nxp/lpcxpresso_4.2.4_299_beta/lpcxpresso/tools/bin/../lib/gcc/arm-none-eabi/4.5.1/../../../../arm-none-eabi/lib/armv6-m\libcr_c.a(remove.o)
                0x00001314                remove
 *fill*         0x00001326        0x2 00
 .text.strlen   0x00001328       0x50 c:/nxp/lpcxpresso_4.2.4_299_beta/lpcxpresso/tools/bin/../lib/gcc/arm-none-eabi/4.5.1/../../../../arm-none-eabi/lib/armv6-m\libcr_c.a(strlen.o)
                0x00001328                strlen
 .text._do_fflush
                0x00001378       0x48 c:/nxp/lpcxpresso_4.2.4_299_beta/lpcxpresso/tools/bin/../lib/gcc/arm-none-eabi/4.5.1/../../../../arm-none-eabi/lib/armv6-m\libcr_c.a(_do_fflush.o)
                0x00001378                _do_fflush
 .text.__aeabi_division_uidivmod
                0x000013c0       0x72 c:/nxp/lpcxpresso_4.2.4_299_beta/lpcxpresso/tools/bin/../lib/gcc/arm-none-eabi/4.5.1/armv6-m\libcr_eabihelpers.a(division.o)
                0x000013c0                __aeabi_uidivmod
                0x000013c0                __aeabi_uidiv
 .text.__aeabi_division_idiv0
                0x00001432        0x2 c:/nxp/lpcxpresso_4.2.4_299_beta/lpcxpresso/tools/bin/../lib/gcc/arm-none-eabi/4.5.1/armv6-m\libcr_eabihelpers.a(division.o)
                0x00001432                __aeabi_idiv0
 .text.__aeabi_memset_lowlevel
                0x00001434       0x2a c:/nxp/lpcxpresso_4.2.4_299_beta/lpcxpresso/tools/bin/../lib/gcc/arm-none-eabi/4.5.1/armv6-m\libcr_eabihelpers.a(memcpy.o)
                0x00001434                __aeabi_lowlevel_memset
 *fill*         0x0000145e        0x2 00
 .text.__sys_appexit
                0x00001460        0xc c:/nxp/lpcxpresso_4.2.4_299_beta/lpcxpresso/tools/bin/../lib/gcc/arm-none-eabi/4.5.1/../../../../arm-none-eabi/lib/armv6-m\libcr_semihost.a(__sys_appexit.o)
                0x00001460                __sys_appexit
                0x00001460                __exit
 .text.__sys_close
                0x0000146c        0xc c:/nxp/lpcxpresso_4.2.4_299_beta/lpcxpresso/tools/bin/../lib/gcc/arm-none-eabi/4.5.1/../../../../arm-none-eabi/lib/armv6-m\libcr_semihost.a(__sys_close.o)
                0x0000146c                __sys_close
 .text.__sys_flen
                0x00001478        0xc c:/nxp/lpcxpresso_4.2.4_299_beta/lpcxpresso/tools/bin/../lib/gcc/arm-none-eabi/4.5.1/../../../../arm-none-eabi/lib/armv6-m\libcr_semihost.a(__sys_flen.o)
                0x00001478                __sys_flen
 .text.__sys_istty
                0x00001484        0xc c:/nxp/lpcxpresso_4.2.4_299_beta/lpcxpresso/tools/bin/../lib/gcc/arm-none-eabi/4.5.1/../../../../arm-none-eabi/lib/armv6-m\libcr_semihost.a(__sys_istty.o)
                0x00001484                __sys_istty
 .text.__sys_remove
                0x00001490        0xc c:/nxp/lpcxpresso_4.2.4_299_beta/lpcxpresso/tools/bin/../lib/gcc/arm-none-eabi/4.5.1/../../../../arm-none-eabi/lib/armv6-m\libcr_semihost.a(__sys_remove.o)
                0x00001490                __sys_remove
 .text.__sys_seek
                0x0000149c        0xc c:/nxp/lpcxpresso_4.2.4_299_beta/lpcxpresso/tools/bin/../lib/gcc/arm-none-eabi/4.5.1/../../../../arm-none-eabi/lib/armv6-m\libcr_semihost.a(__sys_seek.o)
                0x0000149c                __sys_seek
 .text.__sys_tmpnam
                0x000014a8        0xc c:/nxp/lpcxpresso_4.2.4_299_beta/lpcxpresso/tools/bin/../lib/gcc/arm-none-eabi/4.5.1/../../../../arm-none-eabi/lib/armv6-m\libcr_semihost.a(__sys_tmpnam.o)
                0x000014a8                __sys_tmpnam
 .text.__sys_write
                0x000014b4        0xc c:/nxp/lpcxpresso_4.2.4_299_beta/lpcxpresso/tools/bin/../lib/gcc/arm-none-eabi/4.5.1/../../../../arm-none-eabi/lib/armv6-m\libcr_semihost.a(__sys_write.o)
                0x000014b4                __sys_write
                0x000014b4                __write
 .text._sbrk    0x000014c0       0x40 c:/nxp/lpcxpresso_4.2.4_299_beta/lpcxpresso/tools/bin/../lib/gcc/arm-none-eabi/4.5.1/../../../../arm-none-eabi/lib/armv6-m\libcr_semihost.a(_cr_sbrk.o)
                0x000014c0                _sbrk
 .text.__check_heap_overflow
                0x00001500       0x2c c:/nxp/lpcxpresso_4.2.4_299_beta/lpcxpresso/tools/bin/../lib/gcc/arm-none-eabi/4.5.1/../../../../arm-none-eabi/lib/armv6-m\libcr_semihost.a(_cr_check_heap.o)
                0x00001500                __check_heap_overflow
 *(.rodata .rodata.*)
 .rodata.str1.1
                0x0000152c        0x4 c:/nxp/lpcxpresso_4.2.4_299_beta/lpcxpresso/tools/bin/../lib/gcc/arm-none-eabi/4.5.1/../../../../arm-none-eabi/lib/armv6-m\libcr_c.a(initio.o)
 .rodata.str1.1
                0x00001530       0x18 c:/nxp/lpcxpresso_4.2.4_299_beta/lpcxpresso/tools/bin/../lib/gcc/arm-none-eabi/4.5.1/../../../../arm-none-eabi/lib/armv6-m\libcr_c.a(alloc.o)
                0x00001548                . = ALIGN (0x4)

.glue_7         0x00001548        0x0
 .glue_7        0x00000000        0x0 linker stubs

.glue_7t        0x00001548        0x0
 .glue_7t       0x00000000        0x0 linker stubs

.vfp11_veneer   0x00001548        0x0
 .vfp11_veneer  0x00000000        0x0 linker stubs

.v4_bx          0x00001548        0x0
 .v4_bx         0x00000000        0x0 linker stubs

.ARM.extab
 *(.ARM.extab* .gnu.linkonce.armextab.*)
                0x00001548                __exidx_start = .

.ARM.exidx
 *(.ARM.exidx* .gnu.linkonce.armexidx.*)
                0x00001548                __exidx_end = .
                0x00001548                _etext = .

.data_RAM2      0x20004000        0x0 load address 0x00001548
 FILL mask 0xff
 *(.data.$RAM2*)
 *(.data.$RamUsb2*)
                0x20004000                . = ALIGN (0x4)

.uninit_RESERVED
 *(.bss.$RESERVED*)

.data           0x10000000        0x8 load address 0x00001548
 FILL mask 0xff
                0x10000000                _data = .
 *(vtable)
 *(.data*)
 .data          0x10000000        0x4 ./src/autoisp_main.o
                0x10000000                iap_entry
 .data.SystemCoreClock
                0x10000004        0x4 C:\Board Code\11Uxx code\tejas lpcxpresso non rom issue\LPC11Uxx_Driver_Lib\Debug\libLPC11Uxx_Driver_Lib.a(system_LPC11Uxx.o)
                0x10000004                SystemCoreClock
                0x10000008                . = ALIGN (0x4)
                0x10000008                _edata = .

.bss_RAM2       0x20004000        0x0
 *(.bss.$RAM2*)
 *(.bss.$RamUsb2*)
                0x20004000                . = ALIGN (0x4)

.bss            0x10000008      0x214
                0x10000008                _bss = .
 *(.bss*)
 .bss           0x10000008        0x4 ./src/autoisp_main.o
                0x10000008                TimeTick
 .bss.flex_int0_counter
                0x1000000c        0x4 C:\Board Code\11Uxx code\tejas lpcxpresso non rom issue\LPC11Uxx_Driver_Lib\Debug\libLPC11Uxx_Driver_Lib.a(gpio.o)
                0x1000000c                flex_int0_counter
 .bss.flex_int1_counter
                0x10000010        0x4 C:\Board Code\11Uxx code\tejas lpcxpresso non rom issue\LPC11Uxx_Driver_Lib\Debug\libLPC11Uxx_Driver_Lib.a(gpio.o)
                0x10000010                flex_int1_counter
 .bss.flex_int2_counter
                0x10000014        0x4 C:\Board Code\11Uxx code\tejas lpcxpresso non rom issue\LPC11Uxx_Driver_Lib\Debug\libLPC11Uxx_Driver_Lib.a(gpio.o)
                0x10000014                flex_int2_counter
 .bss.flex_int3_counter
                0x10000018        0x4 C:\Board Code\11Uxx code\tejas lpcxpresso non rom issue\LPC11Uxx_Driver_Lib\Debug\libLPC11Uxx_Driver_Lib.a(gpio.o)
                0x10000018                flex_int3_counter
 .bss.flex_int4_counter
                0x1000001c        0x4 C:\Board Code\11Uxx code\tejas lpcxpresso non rom issue\LPC11Uxx_Driver_Lib\Debug\libLPC11Uxx_Driver_Lib.a(gpio.o)
                0x1000001c                flex_int4_counter
 .bss.flex_int5_counter
                0x10000020        0x4 C:\Board Code\11Uxx code\tejas lpcxpresso non rom issue\LPC11Uxx_Driver_Lib\Debug\libLPC11Uxx_Driver_Lib.a(gpio.o)
                0x10000020                flex_int5_counter
 .bss.flex_int6_counter
                0x10000024        0x4 C:\Board Code\11Uxx code\tejas lpcxpresso non rom issue\LPC11Uxx_Driver_Lib\Debug\libLPC11Uxx_Driver_Lib.a(gpio.o)
                0x10000024                flex_int6_counter
 .bss.flex_int7_counter
                0x10000028        0x4 C:\Board Code\11Uxx code\tejas lpcxpresso non rom issue\LPC11Uxx_Driver_Lib\Debug\libLPC11Uxx_Driver_Lib.a(gpio.o)
                0x10000028                flex_int7_counter
 .bss.gint0_counter
                0x1000002c        0x4 C:\Board Code\11Uxx code\tejas lpcxpresso non rom issue\LPC11Uxx_Driver_Lib\Debug\libLPC11Uxx_Driver_Lib.a(gpio.o)
                0x1000002c                gint0_counter
 .bss.gint1_counter
                0x10000030        0x4 C:\Board Code\11Uxx code\tejas lpcxpresso non rom issue\LPC11Uxx_Driver_Lib\Debug\libLPC11Uxx_Driver_Lib.a(gpio.o)
                0x10000030                gint1_counter
 .bss.flex_int0_level_counter
                0x10000034        0x4 C:\Board Code\11Uxx code\tejas lpcxpresso non rom issue\LPC11Uxx_Driver_Lib\Debug\libLPC11Uxx_Driver_Lib.a(gpio.o)
                0x10000034                flex_int0_level_counter
 .bss.flex_int0_rising_edge_counter
                0x10000038        0x4 C:\Board Code\11Uxx code\tejas lpcxpresso non rom issue\LPC11Uxx_Driver_Lib\Debug\libLPC11Uxx_Driver_Lib.a(gpio.o)
                0x10000038                flex_int0_rising_edge_counter
 .bss.flex_int0_falling_edge_counter
                0x1000003c        0x4 C:\Board Code\11Uxx code\tejas lpcxpresso non rom issue\LPC11Uxx_Driver_Lib\Debug\libLPC11Uxx_Driver_Lib.a(gpio.o)
                0x1000003c                flex_int0_falling_edge_counter
 .bss.flex_int1_level_counter
                0x10000040        0x4 C:\Board Code\11Uxx code\tejas lpcxpresso non rom issue\LPC11Uxx_Driver_Lib\Debug\libLPC11Uxx_Driver_Lib.a(gpio.o)
                0x10000040                flex_int1_level_counter
 .bss.flex_int1_rising_edge_counter
                0x10000044        0x4 C:\Board Code\11Uxx code\tejas lpcxpresso non rom issue\LPC11Uxx_Driver_Lib\Debug\libLPC11Uxx_Driver_Lib.a(gpio.o)
                0x10000044                flex_int1_rising_edge_counter
 .bss.flex_int1_falling_edge_counter
                0x10000048        0x4 C:\Board Code\11Uxx code\tejas lpcxpresso non rom issue\LPC11Uxx_Driver_Lib\Debug\libLPC11Uxx_Driver_Lib.a(gpio.o)
                0x10000048                flex_int1_falling_edge_counter
 .bss.flex_int2_level_counter
                0x1000004c        0x4 C:\Board Code\11Uxx code\tejas lpcxpresso non rom issue\LPC11Uxx_Driver_Lib\Debug\libLPC11Uxx_Driver_Lib.a(gpio.o)
                0x1000004c                flex_int2_level_counter
 .bss.flex_int2_rising_edge_counter
                0x10000050        0x4 C:\Board Code\11Uxx code\tejas lpcxpresso non rom issue\LPC11Uxx_Driver_Lib\Debug\libLPC11Uxx_Driver_Lib.a(gpio.o)
                0x10000050                flex_int2_rising_edge_counter
 .bss.flex_int2_falling_edge_counter
                0x10000054        0x4 C:\Board Code\11Uxx code\tejas lpcxpresso non rom issue\LPC11Uxx_Driver_Lib\Debug\libLPC11Uxx_Driver_Lib.a(gpio.o)
                0x10000054                flex_int2_falling_edge_counter
 .bss.flex_int3_level_counter
                0x10000058        0x4 C:\Board Code\11Uxx code\tejas lpcxpresso non rom issue\LPC11Uxx_Driver_Lib\Debug\libLPC11Uxx_Driver_Lib.a(gpio.o)
                0x10000058                flex_int3_level_counter
 .bss.flex_int3_rising_edge_counter
                0x1000005c        0x4 C:\Board Code\11Uxx code\tejas lpcxpresso non rom issue\LPC11Uxx_Driver_Lib\Debug\libLPC11Uxx_Driver_Lib.a(gpio.o)
                0x1000005c                flex_int3_rising_edge_counter
 .bss.flex_int3_falling_edge_counter
                0x10000060        0x4 C:\Board Code\11Uxx code\tejas lpcxpresso non rom issue\LPC11Uxx_Driver_Lib\Debug\libLPC11Uxx_Driver_Lib.a(gpio.o)
                0x10000060                flex_int3_falling_edge_counter
 .bss.flex_int4_level_counter
                0x10000064        0x4 C:\Board Code\11Uxx code\tejas lpcxpresso non rom issue\LPC11Uxx_Driver_Lib\Debug\libLPC11Uxx_Driver_Lib.a(gpio.o)
                0x10000064                flex_int4_level_counter
 .bss.flex_int4_rising_edge_counter
                0x10000068        0x4 C:\Board Code\11Uxx code\tejas lpcxpresso non rom issue\LPC11Uxx_Driver_Lib\Debug\libLPC11Uxx_Driver_Lib.a(gpio.o)
                0x10000068                flex_int4_rising_edge_counter
 .bss.flex_int4_falling_edge_counter
                0x1000006c        0x4 C:\Board Code\11Uxx code\tejas lpcxpresso non rom issue\LPC11Uxx_Driver_Lib\Debug\libLPC11Uxx_Driver_Lib.a(gpio.o)
                0x1000006c                flex_int4_falling_edge_counter
 .bss.flex_int5_level_counter
                0x10000070        0x4 C:\Board Code\11Uxx code\tejas lpcxpresso non rom issue\LPC11Uxx_Driver_Lib\Debug\libLPC11Uxx_Driver_Lib.a(gpio.o)
                0x10000070                flex_int5_level_counter
 .bss.flex_int5_rising_edge_counter
                0x10000074        0x4 C:\Board Code\11Uxx code\tejas lpcxpresso non rom issue\LPC11Uxx_Driver_Lib\Debug\libLPC11Uxx_Driver_Lib.a(gpio.o)
                0x10000074                flex_int5_rising_edge_counter
 .bss.flex_int5_falling_edge_counter
                0x10000078        0x4 C:\Board Code\11Uxx code\tejas lpcxpresso non rom issue\LPC11Uxx_Driver_Lib\Debug\libLPC11Uxx_Driver_Lib.a(gpio.o)
                0x10000078                flex_int5_falling_edge_counter
 .bss.flex_int6_level_counter
                0x1000007c        0x4 C:\Board Code\11Uxx code\tejas lpcxpresso non rom issue\LPC11Uxx_Driver_Lib\Debug\libLPC11Uxx_Driver_Lib.a(gpio.o)
                0x1000007c                flex_int6_level_counter
 .bss.flex_int6_rising_edge_counter
                0x10000080        0x4 C:\Board Code\11Uxx code\tejas lpcxpresso non rom issue\LPC11Uxx_Driver_Lib\Debug\libLPC11Uxx_Driver_Lib.a(gpio.o)
                0x10000080                flex_int6_rising_edge_counter
 .bss.flex_int6_falling_edge_counter
                0x10000084        0x4 C:\Board Code\11Uxx code\tejas lpcxpresso non rom issue\LPC11Uxx_Driver_Lib\Debug\libLPC11Uxx_Driver_Lib.a(gpio.o)
                0x10000084                flex_int6_falling_edge_counter
 .bss.flex_int7_level_counter
                0x10000088        0x4 C:\Board Code\11Uxx code\tejas lpcxpresso non rom issue\LPC11Uxx_Driver_Lib\Debug\libLPC11Uxx_Driver_Lib.a(gpio.o)
                0x10000088                flex_int7_level_counter
 .bss.flex_int7_rising_edge_counter
                0x1000008c        0x4 C:\Board Code\11Uxx code\tejas lpcxpresso non rom issue\LPC11Uxx_Driver_Lib\Debug\libLPC11Uxx_Driver_Lib.a(gpio.o)
                0x1000008c                flex_int7_rising_edge_counter
 .bss.flex_int7_falling_edge_counter
                0x10000090        0x4 C:\Board Code\11Uxx code\tejas lpcxpresso non rom issue\LPC11Uxx_Driver_Lib\Debug\libLPC11Uxx_Driver_Lib.a(gpio.o)
                0x10000090                flex_int7_falling_edge_counter
 .bss.gint0_level_counter
                0x10000094        0x4 C:\Board Code\11Uxx code\tejas lpcxpresso non rom issue\LPC11Uxx_Driver_Lib\Debug\libLPC11Uxx_Driver_Lib.a(gpio.o)
                0x10000094                gint0_level_counter
 .bss.gint0_edge_counter
                0x10000098        0x4 C:\Board Code\11Uxx code\tejas lpcxpresso non rom issue\LPC11Uxx_Driver_Lib\Debug\libLPC11Uxx_Driver_Lib.a(gpio.o)
                0x10000098                gint0_edge_counter
 .bss.gint1_level_counter
                0x1000009c        0x4 C:\Board Code\11Uxx code\tejas lpcxpresso non rom issue\LPC11Uxx_Driver_Lib\Debug\libLPC11Uxx_Driver_Lib.a(gpio.o)
                0x1000009c                gint1_level_counter
 .bss.gint1_edge_counter
                0x100000a0        0x4 C:\Board Code\11Uxx code\tejas lpcxpresso non rom issue\LPC11Uxx_Driver_Lib\Debug\libLPC11Uxx_Driver_Lib.a(gpio.o)
                0x100000a0                gint1_edge_counter
 .bss.errno     0x100000a4        0x4 c:/nxp/lpcxpresso_4.2.4_299_beta/lpcxpresso/tools/bin/../lib/gcc/arm-none-eabi/4.5.1/../../../../arm-none-eabi/lib/armv6-m\libcr_c.a(errno.o)
                0x100000a4                errno
 *(COMMON)
 COMMON         0x100000a8       0x24 ./src/autoisp_main.o
                0x100000a8                command
                0x100000bc                result
 COMMON         0x100000cc        0x4 ./src/wdt.o
                0x100000cc                wdt_counter
 COMMON         0x100000d0        0x4 c:/nxp/lpcxpresso_4.2.4_299_beta/lpcxpresso/tools/bin/../lib/gcc/arm-none-eabi/4.5.1/../../../../arm-none-eabi/lib/armv6-m\libcr_c.a(initio.o)
                0x100000d0                _extra
 COMMON         0x100000d4      0x140 c:/nxp/lpcxpresso_4.2.4_299_beta/lpcxpresso/tools/bin/../lib/gcc/arm-none-eabi/4.5.1/../../../../arm-none-eabi/lib/armv6-m\libcr_c.a(stdio.o)
                0x100000d4                __Ciob
 COMMON         0x10000214        0x8 c:/nxp/lpcxpresso_4.2.4_299_beta/lpcxpresso/tools/bin/../lib/gcc/arm-none-eabi/4.5.1/../../../../arm-none-eabi/lib/armv6-m\libcr_c.a(__init_alloc.o)
                0x10000214                __heaps
                0x10000218                __end_of_heap
                0x1000021c                . = ALIGN (0x4)
                0x1000021c                _ebss = .
                0x1000021c                PROVIDE (end, .)
                0x1000021c                PROVIDE (_pvHeapStart, .)
                0x10002000                PROVIDE (_vStackTop, (__top_RamLoc8 - 0x0))
OUTPUT(autoisp.axf elf32-littlearm)

.debug_abbrev   0x00000000      0x7ab
 .debug_abbrev  0x00000000      0x208 ./src/autoisp_main.o
 .debug_abbrev  0x00000208       0xf8 ./src/cr_startup_lpc11u.o
 .debug_abbrev  0x00000300       0xe0 ./src/wdt.o
 .debug_abbrev  0x000003e0       0xea C:\Board Code\11Uxx code\tejas lpcxpresso non rom issue\LPC11Uxx_Driver_Lib\Debug\libLPC11Uxx_Driver_Lib.a(clkconfig.o)
 .debug_abbrev  0x000004ca      0x1e8 C:\Board Code\11Uxx code\tejas lpcxpresso non rom issue\LPC11Uxx_Driver_Lib\Debug\libLPC11Uxx_Driver_Lib.a(gpio.o)
 .debug_abbrev  0x000006b2       0xf9 C:\Board Code\11Uxx code\tejas lpcxpresso non rom issue\LPC11Uxx_Driver_Lib\Debug\libLPC11Uxx_Driver_Lib.a(system_LPC11Uxx.o)

.debug_info     0x00000000     0x2ca5
 .debug_info    0x00000000      0x9bf ./src/autoisp_main.o
 .debug_info    0x000009bf      0x292 ./src/cr_startup_lpc11u.o
 .debug_info    0x00000c51      0x17a ./src/wdt.o
 .debug_info    0x00000dcb      0x606 C:\Board Code\11Uxx code\tejas lpcxpresso non rom issue\LPC11Uxx_Driver_Lib\Debug\libLPC11Uxx_Driver_Lib.a(clkconfig.o)
 .debug_info    0x000013d1     0x1302 C:\Board Code\11Uxx code\tejas lpcxpresso non rom issue\LPC11Uxx_Driver_Lib\Debug\libLPC11Uxx_Driver_Lib.a(gpio.o)
 .debug_info    0x000026d3      0x5d2 C:\Board Code\11Uxx code\tejas lpcxpresso non rom issue\LPC11Uxx_Driver_Lib\Debug\libLPC11Uxx_Driver_Lib.a(system_LPC11Uxx.o)

.debug_line     0x00000000     0x1ce3
 .debug_line    0x00000000      0x4d0 ./src/autoisp_main.o
 .debug_line    0x000004d0      0x446 ./src/cr_startup_lpc11u.o
 .debug_line    0x00000916      0x3ff ./src/wdt.o
 .debug_line    0x00000d15      0x447 C:\Board Code\11Uxx code\tejas lpcxpresso non rom issue\LPC11Uxx_Driver_Lib\Debug\libLPC11Uxx_Driver_Lib.a(clkconfig.o)
 .debug_line    0x0000115c      0x6cd C:\Board Code\11Uxx code\tejas lpcxpresso non rom issue\LPC11Uxx_Driver_Lib\Debug\libLPC11Uxx_Driver_Lib.a(gpio.o)
 .debug_line    0x00001829      0x4ba C:\Board Code\11Uxx code\tejas lpcxpresso non rom issue\LPC11Uxx_Driver_Lib\Debug\libLPC11Uxx_Driver_Lib.a(system_LPC11Uxx.o)

.debug_macinfo  0x00000000    0x1adbd
 .debug_macinfo
                0x00000000     0x49d8 ./src/autoisp_main.o
 .debug_macinfo
                0x000049d8     0x4629 ./src/cr_startup_lpc11u.o
 .debug_macinfo
                0x00009001     0x46cc ./src/wdt.o
 .debug_macinfo
                0x0000d6cd     0x473b C:\Board Code\11Uxx code\tejas lpcxpresso non rom issue\LPC11Uxx_Driver_Lib\Debug\libLPC11Uxx_Driver_Lib.a(clkconfig.o)
 .debug_macinfo
                0x00011e08     0x46a1 C:\Board Code\11Uxx code\tejas lpcxpresso non rom issue\LPC11Uxx_Driver_Lib\Debug\libLPC11Uxx_Driver_Lib.a(gpio.o)
 .debug_macinfo
                0x000164a9     0x4914 C:\Board Code\11Uxx code\tejas lpcxpresso non rom issue\LPC11Uxx_Driver_Lib\Debug\libLPC11Uxx_Driver_Lib.a(system_LPC11Uxx.o)

.debug_loc      0x00000000      0x86c
 .debug_loc     0x00000000      0x100 ./src/autoisp_main.o
 .debug_loc     0x00000100      0x1b0 ./src/cr_startup_lpc11u.o
 .debug_loc     0x000002b0       0x90 ./src/wdt.o
 .debug_loc     0x00000340       0x70 C:\Board Code\11Uxx code\tejas lpcxpresso non rom issue\LPC11Uxx_Driver_Lib\Debug\libLPC11Uxx_Driver_Lib.a(clkconfig.o)
 .debug_loc     0x000003b0      0x44c C:\Board Code\11Uxx code\tejas lpcxpresso non rom issue\LPC11Uxx_Driver_Lib\Debug\libLPC11Uxx_Driver_Lib.a(gpio.o)
 .debug_loc     0x000007fc       0x70 C:\Board Code\11Uxx code\tejas lpcxpresso non rom issue\LPC11Uxx_Driver_Lib\Debug\libLPC11Uxx_Driver_Lib.a(system_LPC11Uxx.o)

.debug_pubnames
                0x00000000      0x80f
 .debug_pubnames
                0x00000000       0x71 ./src/autoisp_main.o
 .debug_pubnames
                0x00000071       0xbe ./src/cr_startup_lpc11u.o
 .debug_pubnames
                0x0000012f       0x4d ./src/wdt.o
 .debug_pubnames
                0x0000017c       0x35 C:\Board Code\11Uxx code\tejas lpcxpresso non rom issue\LPC11Uxx_Driver_Lib\Debug\libLPC11Uxx_Driver_Lib.a(clkconfig.o)
 .debug_pubnames
                0x000001b1      0x60f C:\Board Code\11Uxx code\tejas lpcxpresso non rom issue\LPC11Uxx_Driver_Lib\Debug\libLPC11Uxx_Driver_Lib.a(gpio.o)
 .debug_pubnames
                0x000007c0       0x4f C:\Board Code\11Uxx code\tejas lpcxpresso non rom issue\LPC11Uxx_Driver_Lib\Debug\libLPC11Uxx_Driver_Lib.a(system_LPC11Uxx.o)

.debug_pubtypes
                0x00000000      0x1d4
 .debug_pubtypes
                0x00000000       0x75 ./src/autoisp_main.o
 .debug_pubtypes
                0x00000075       0x12 ./src/cr_startup_lpc11u.o
 .debug_pubtypes
                0x00000087       0x31 ./src/wdt.o
 .debug_pubtypes
                0x000000b8       0x45 C:\Board Code\11Uxx code\tejas lpcxpresso non rom issue\LPC11Uxx_Driver_Lib\Debug\libLPC11Uxx_Driver_Lib.a(clkconfig.o)
 .debug_pubtypes
                0x000000fd       0xa4 C:\Board Code\11Uxx code\tejas lpcxpresso non rom issue\LPC11Uxx_Driver_Lib\Debug\libLPC11Uxx_Driver_Lib.a(gpio.o)
 .debug_pubtypes
                0x000001a1       0x33 C:\Board Code\11Uxx code\tejas lpcxpresso non rom issue\LPC11Uxx_Driver_Lib\Debug\libLPC11Uxx_Driver_Lib.a(system_LPC11Uxx.o)

.debug_aranges  0x00000000      0x1e8
 .debug_aranges
                0x00000000       0x40 ./src/autoisp_main.o
 .debug_aranges
                0x00000040       0x60 ./src/cr_startup_lpc11u.o
 .debug_aranges
                0x000000a0       0x30 ./src/wdt.o
 .debug_aranges
                0x000000d0       0x28 C:\Board Code\11Uxx code\tejas lpcxpresso non rom issue\LPC11Uxx_Driver_Lib\Debug\libLPC11Uxx_Driver_Lib.a(clkconfig.o)
 .debug_aranges
                0x000000f8       0xc8 C:\Board Code\11Uxx code\tejas lpcxpresso non rom issue\LPC11Uxx_Driver_Lib\Debug\libLPC11Uxx_Driver_Lib.a(gpio.o)
 .debug_aranges
                0x000001c0       0x28 C:\Board Code\11Uxx code\tejas lpcxpresso non rom issue\LPC11Uxx_Driver_Lib\Debug\libLPC11Uxx_Driver_Lib.a(system_LPC11Uxx.o)

.debug_ranges   0x00000000      0x188
 .debug_ranges  0x00000000       0x30 ./src/autoisp_main.o
 .debug_ranges  0x00000030       0x50 ./src/cr_startup_lpc11u.o
 .debug_ranges  0x00000080       0x20 ./src/wdt.o
 .debug_ranges  0x000000a0       0x18 C:\Board Code\11Uxx code\tejas lpcxpresso non rom issue\LPC11Uxx_Driver_Lib\Debug\libLPC11Uxx_Driver_Lib.a(clkconfig.o)
 .debug_ranges  0x000000b8       0xb8 C:\Board Code\11Uxx code\tejas lpcxpresso non rom issue\LPC11Uxx_Driver_Lib\Debug\libLPC11Uxx_Driver_Lib.a(gpio.o)
 .debug_ranges  0x00000170       0x18 C:\Board Code\11Uxx code\tejas lpcxpresso non rom issue\LPC11Uxx_Driver_Lib\Debug\libLPC11Uxx_Driver_Lib.a(system_LPC11Uxx.o)

.debug_str      0x00000000      0xeb2
 .debug_str     0x00000000      0x63f ./src/autoisp_main.o
                                0x66b (size before relaxing)
 .debug_str     0x0000063f      0x11f ./src/cr_startup_lpc11u.o
                                0x207 (size before relaxing)
 .debug_str     0x0000075e       0x61 ./src/wdt.o
                                0x143 (size before relaxing)
 .debug_str     0x000007bf       0x87 C:\Board Code\11Uxx code\tejas lpcxpresso non rom issue\LPC11Uxx_Driver_Lib\Debug\libLPC11Uxx_Driver_Lib.a(clkconfig.o)
                                0x3a2 (size before relaxing)
 .debug_str     0x00000846      0x624 C:\Board Code\11Uxx code\tejas lpcxpresso non rom issue\LPC11Uxx_Driver_Lib\Debug\libLPC11Uxx_Driver_Lib.a(gpio.o)
                                0xbbc (size before relaxing)
 .debug_str     0x00000e6a       0x48 C:\Board Code\11Uxx code\tejas lpcxpresso non rom issue\LPC11Uxx_Driver_Lib\Debug\libLPC11Uxx_Driver_Lib.a(system_LPC11Uxx.o)
                                0x39c (size before relaxing)

.comment        0x00000000       0x2a
 .comment       0x00000000       0x2a ./src/autoisp_main.o
                                 0x2b (size before relaxing)
 .comment       0x00000000       0x2b ./src/cr_startup_lpc11u.o
 .comment       0x00000000       0x2b ./src/wdt.o
 .comment       0x00000000       0x2b C:\Board Code\11Uxx code\tejas lpcxpresso non rom issue\LPC11Uxx_Driver_Lib\Debug\libLPC11Uxx_Driver_Lib.a(clkconfig.o)
 .comment       0x00000000       0x2b C:\Board Code\11Uxx code\tejas lpcxpresso non rom issue\LPC11Uxx_Driver_Lib\Debug\libLPC11Uxx_Driver_Lib.a(gpio.o)
 .comment       0x00000000       0x2b C:\Board Code\11Uxx code\tejas lpcxpresso non rom issue\LPC11Uxx_Driver_Lib\Debug\libLPC11Uxx_Driver_Lib.a(system_LPC11Uxx.o)
 .comment       0x00000000       0x2b c:/nxp/lpcxpresso_4.2.4_299_beta/lpcxpresso/tools/bin/../lib/gcc/arm-none-eabi/4.5.1/../../../../arm-none-eabi/lib/armv6-m\libcr_semihost.a(_cr__main.o)
 .comment       0x00000000       0x2b c:/nxp/lpcxpresso_4.2.4_299_beta/lpcxpresso/tools/bin/../lib/gcc/arm-none-eabi/4.5.1/../../../../arm-none-eabi/lib/armv6-m\libcr_c.a(initio.o)
 .comment       0x00000000       0x2b c:/nxp/lpcxpresso_4.2.4_299_beta/lpcxpresso/tools/bin/../lib/gcc/arm-none-eabi/4.5.1/../../../../arm-none-eabi/lib/armv6-m\libcr_c.a(setvbuf.o)
 .comment       0x00000000       0x2b c:/nxp/lpcxpresso_4.2.4_299_beta/lpcxpresso/tools/bin/../lib/gcc/arm-none-eabi/4.5.1/../../../../arm-none-eabi/lib/armv6-m\libcr_c.a(stdio.o)
 .comment       0x00000000       0x2b c:/nxp/lpcxpresso_4.2.4_299_beta/lpcxpresso/tools/bin/../lib/gcc/arm-none-eabi/4.5.1/../../../../arm-none-eabi/lib/armv6-m\libcr_c.a(memset.o)
 .comment       0x00000000       0x2b c:/nxp/lpcxpresso_4.2.4_299_beta/lpcxpresso/tools/bin/../lib/gcc/arm-none-eabi/4.5.1/../../../../arm-none-eabi/lib/armv6-m\libcr_c.a(__fillbuf.o)
 .comment       0x00000000       0x2b c:/nxp/lpcxpresso_4.2.4_299_beta/lpcxpresso/tools/bin/../lib/gcc/arm-none-eabi/4.5.1/../../../../arm-none-eabi/lib/armv6-m\libcr_c.a(_deferredlazyseek.o)
 .comment       0x00000000       0x2b c:/nxp/lpcxpresso_4.2.4_299_beta/lpcxpresso/tools/bin/../lib/gcc/arm-none-eabi/4.5.1/../../../../arm-none-eabi/lib/armv6-m\libcr_c.a(_fdopen.o)
 .comment       0x00000000       0x2b c:/nxp/lpcxpresso_4.2.4_299_beta/lpcxpresso/tools/bin/../lib/gcc/arm-none-eabi/4.5.1/../../../../arm-none-eabi/lib/armv6-m\libcr_c.a(_fflush.o)
 .comment       0x00000000       0x2b c:/nxp/lpcxpresso_4.2.4_299_beta/lpcxpresso/tools/bin/../lib/gcc/arm-none-eabi/4.5.1/../../../../arm-none-eabi/lib/armv6-m\libcr_c.a(_writebuf.o)
 .comment       0x00000000       0x2b c:/nxp/lpcxpresso_4.2.4_299_beta/lpcxpresso/tools/bin/../lib/gcc/arm-none-eabi/4.5.1/../../../../arm-none-eabi/lib/armv6-m\libcr_c.a(alloc.o)
 .comment       0x00000000       0x2b c:/nxp/lpcxpresso_4.2.4_299_beta/lpcxpresso/tools/bin/../lib/gcc/arm-none-eabi/4.5.1/../../../../arm-none-eabi/lib/armv6-m\libcr_c.a(fclose.o)
 .comment       0x00000000       0x2b c:/nxp/lpcxpresso_4.2.4_299_beta/lpcxpresso/tools/bin/../lib/gcc/arm-none-eabi/4.5.1/../../../../arm-none-eabi/lib/armv6-m\libcr_c.a(fflush.o)
 .comment       0x00000000       0x2b c:/nxp/lpcxpresso_4.2.4_299_beta/lpcxpresso/tools/bin/../lib/gcc/arm-none-eabi/4.5.1/../../../../arm-none-eabi/lib/armv6-m\libcr_c.a(fseek.o)
 .comment       0x00000000       0x2b c:/nxp/lpcxpresso_4.2.4_299_beta/lpcxpresso/tools/bin/../lib/gcc/arm-none-eabi/4.5.1/../../../../arm-none-eabi/lib/armv6-m\libcr_c.a(ftell.o)
 .comment       0x00000000       0x2b c:/nxp/lpcxpresso_4.2.4_299_beta/lpcxpresso/tools/bin/../lib/gcc/arm-none-eabi/4.5.1/../../../../arm-none-eabi/lib/armv6-m\libcr_c.a(remove.o)
 .comment       0x00000000       0x2b c:/nxp/lpcxpresso_4.2.4_299_beta/lpcxpresso/tools/bin/../lib/gcc/arm-none-eabi/4.5.1/../../../../arm-none-eabi/lib/armv6-m\libcr_c.a(strlen.o)
 .comment       0x00000000       0x2b c:/nxp/lpcxpresso_4.2.4_299_beta/lpcxpresso/tools/bin/../lib/gcc/arm-none-eabi/4.5.1/../../../../arm-none-eabi/lib/armv6-m\libcr_c.a(memcpy.o)
 .comment       0x00000000       0x2b c:/nxp/lpcxpresso_4.2.4_299_beta/lpcxpresso/tools/bin/../lib/gcc/arm-none-eabi/4.5.1/../../../../arm-none-eabi/lib/armv6-m\libcr_c.a(__init_alloc.o)
 .comment       0x00000000       0x2b c:/nxp/lpcxpresso_4.2.4_299_beta/lpcxpresso/tools/bin/../lib/gcc/arm-none-eabi/4.5.1/../../../../arm-none-eabi/lib/armv6-m\libcr_c.a(_do_fflush.o)
 .comment       0x00000000       0x2b c:/nxp/lpcxpresso_4.2.4_299_beta/lpcxpresso/tools/bin/../lib/gcc/arm-none-eabi/4.5.1/../../../../arm-none-eabi/lib/armv6-m\libcr_c.a(errno.o)
 .comment       0x00000000       0x2b c:/nxp/lpcxpresso_4.2.4_299_beta/lpcxpresso/tools/bin/../lib/gcc/arm-none-eabi/4.5.1/../../../../arm-none-eabi/lib/armv6-m\libcr_semihost.a(_cr_sbrk.o)
 .comment       0x00000000       0x2b c:/nxp/lpcxpresso_4.2.4_299_beta/lpcxpresso/tools/bin/../lib/gcc/arm-none-eabi/4.5.1/../../../../arm-none-eabi/lib/armv6-m\libcr_semihost.a(_cr_check_heap.o)

.ARM.attributes
                0x00000000       0x31
 .ARM.attributes
                0x00000000       0x33 ./src/autoisp_main.o
 .ARM.attributes
                0x00000033       0x33 ./src/cr_startup_lpc11u.o
 .ARM.attributes
                0x00000066       0x33 ./src/wdt.o
 .ARM.attributes
                0x00000099       0x33 C:\Board Code\11Uxx code\tejas lpcxpresso non rom issue\LPC11Uxx_Driver_Lib\Debug\libLPC11Uxx_Driver_Lib.a(clkconfig.o)
 .ARM.attributes
                0x000000cc       0x33 C:\Board Code\11Uxx code\tejas lpcxpresso non rom issue\LPC11Uxx_Driver_Lib\Debug\libLPC11Uxx_Driver_Lib.a(gpio.o)
 .ARM.attributes
                0x000000ff       0x33 C:\Board Code\11Uxx code\tejas lpcxpresso non rom issue\LPC11Uxx_Driver_Lib\Debug\libLPC11Uxx_Driver_Lib.a(system_LPC11Uxx.o)
 .ARM.attributes
                0x00000132       0x33 c:/nxp/lpcxpresso_4.2.4_299_beta/lpcxpresso/tools/bin/../lib/gcc/arm-none-eabi/4.5.1/../../../../arm-none-eabi/lib/armv6-m\libcr_semihost.a(_cr__main.o)
 .ARM.attributes
                0x00000165       0x33 c:/nxp/lpcxpresso_4.2.4_299_beta/lpcxpresso/tools/bin/../lib/gcc/arm-none-eabi/4.5.1/../../../../arm-none-eabi/lib/armv6-m\libcr_c.a(initio.o)
 .ARM.attributes
                0x00000198       0x33 c:/nxp/lpcxpresso_4.2.4_299_beta/lpcxpresso/tools/bin/../lib/gcc/arm-none-eabi/4.5.1/../../../../arm-none-eabi/lib/armv6-m\libcr_c.a(setvbuf.o)
 .ARM.attributes
                0x000001cb       0x33 c:/nxp/lpcxpresso_4.2.4_299_beta/lpcxpresso/tools/bin/../lib/gcc/arm-none-eabi/4.5.1/../../../../arm-none-eabi/lib/armv6-m\libcr_c.a(stdio.o)
 .ARM.attributes
                0x000001fe       0x33 c:/nxp/lpcxpresso_4.2.4_299_beta/lpcxpresso/tools/bin/../lib/gcc/arm-none-eabi/4.5.1/../../../../arm-none-eabi/lib/armv6-m\libcr_c.a(memset.o)
 .ARM.attributes
                0x00000231       0x33 c:/nxp/lpcxpresso_4.2.4_299_beta/lpcxpresso/tools/bin/../lib/gcc/arm-none-eabi/4.5.1/../../../../arm-none-eabi/lib/armv6-m\libcr_c.a(__fillbuf.o)
 .ARM.attributes
                0x00000264       0x33 c:/nxp/lpcxpresso_4.2.4_299_beta/lpcxpresso/tools/bin/../lib/gcc/arm-none-eabi/4.5.1/../../../../arm-none-eabi/lib/armv6-m\libcr_c.a(_deferredlazyseek.o)
 .ARM.attributes
                0x00000297       0x33 c:/nxp/lpcxpresso_4.2.4_299_beta/lpcxpresso/tools/bin/../lib/gcc/arm-none-eabi/4.5.1/../../../../arm-none-eabi/lib/armv6-m\libcr_c.a(_fdopen.o)
 .ARM.attributes
                0x000002ca       0x33 c:/nxp/lpcxpresso_4.2.4_299_beta/lpcxpresso/tools/bin/../lib/gcc/arm-none-eabi/4.5.1/../../../../arm-none-eabi/lib/armv6-m\libcr_c.a(_fflush.o)
 .ARM.attributes
                0x000002fd       0x33 c:/nxp/lpcxpresso_4.2.4_299_beta/lpcxpresso/tools/bin/../lib/gcc/arm-none-eabi/4.5.1/../../../../arm-none-eabi/lib/armv6-m\libcr_c.a(_writebuf.o)
 .ARM.attributes
                0x00000330       0x33 c:/nxp/lpcxpresso_4.2.4_299_beta/lpcxpresso/tools/bin/../lib/gcc/arm-none-eabi/4.5.1/../../../../arm-none-eabi/lib/armv6-m\libcr_c.a(alloc.o)
 .ARM.attributes
                0x00000363       0x33 c:/nxp/lpcxpresso_4.2.4_299_beta/lpcxpresso/tools/bin/../lib/gcc/arm-none-eabi/4.5.1/../../../../arm-none-eabi/lib/armv6-m\libcr_c.a(fclose.o)
 .ARM.attributes
                0x00000396       0x33 c:/nxp/lpcxpresso_4.2.4_299_beta/lpcxpresso/tools/bin/../lib/gcc/arm-none-eabi/4.5.1/../../../../arm-none-eabi/lib/armv6-m\libcr_c.a(fflush.o)
 .ARM.attributes
                0x000003c9       0x33 c:/nxp/lpcxpresso_4.2.4_299_beta/lpcxpresso/tools/bin/../lib/gcc/arm-none-eabi/4.5.1/../../../../arm-none-eabi/lib/armv6-m\libcr_c.a(fseek.o)
 .ARM.attributes
                0x000003fc       0x33 c:/nxp/lpcxpresso_4.2.4_299_beta/lpcxpresso/tools/bin/../lib/gcc/arm-none-eabi/4.5.1/../../../../arm-none-eabi/lib/armv6-m\libcr_c.a(ftell.o)
 .ARM.attributes
                0x0000042f       0x33 c:/nxp/lpcxpresso_4.2.4_299_beta/lpcxpresso/tools/bin/../lib/gcc/arm-none-eabi/4.5.1/../../../../arm-none-eabi/lib/armv6-m\libcr_c.a(remove.o)
 .ARM.attributes
                0x00000462       0x33 c:/nxp/lpcxpresso_4.2.4_299_beta/lpcxpresso/tools/bin/../lib/gcc/arm-none-eabi/4.5.1/../../../../arm-none-eabi/lib/armv6-m\libcr_c.a(strlen.o)
 .ARM.attributes
                0x00000495       0x33 c:/nxp/lpcxpresso_4.2.4_299_beta/lpcxpresso/tools/bin/../lib/gcc/arm-none-eabi/4.5.1/../../../../arm-none-eabi/lib/armv6-m\libcr_c.a(memcpy.o)
 .ARM.attributes
                0x000004c8       0x33 c:/nxp/lpcxpresso_4.2.4_299_beta/lpcxpresso/tools/bin/../lib/gcc/arm-none-eabi/4.5.1/../../../../arm-none-eabi/lib/armv6-m\libcr_c.a(__init_alloc.o)
 .ARM.attributes
                0x000004fb       0x33 c:/nxp/lpcxpresso_4.2.4_299_beta/lpcxpresso/tools/bin/../lib/gcc/arm-none-eabi/4.5.1/../../../../arm-none-eabi/lib/armv6-m\libcr_c.a(_do_fflush.o)
 .ARM.attributes
                0x0000052e       0x33 c:/nxp/lpcxpresso_4.2.4_299_beta/lpcxpresso/tools/bin/../lib/gcc/arm-none-eabi/4.5.1/../../../../arm-none-eabi/lib/armv6-m\libcr_c.a(errno.o)
 .ARM.attributes
                0x00000561       0x23 c:/nxp/lpcxpresso_4.2.4_299_beta/lpcxpresso/tools/bin/../lib/gcc/arm-none-eabi/4.5.1/armv6-m\libcr_eabihelpers.a(division.o)
 .ARM.attributes
                0x00000584       0x23 c:/nxp/lpcxpresso_4.2.4_299_beta/lpcxpresso/tools/bin/../lib/gcc/arm-none-eabi/4.5.1/armv6-m\libcr_eabihelpers.a(memcpy.o)
 .ARM.attributes
                0x000005a7       0x23 c:/nxp/lpcxpresso_4.2.4_299_beta/lpcxpresso/tools/bin/../lib/gcc/arm-none-eabi/4.5.1/../../../../arm-none-eabi/lib/armv6-m\libcr_semihost.a(__sys_appexit.o)
 .ARM.attributes
                0x000005ca       0x23 c:/nxp/lpcxpresso_4.2.4_299_beta/lpcxpresso/tools/bin/../lib/gcc/arm-none-eabi/4.5.1/../../../../arm-none-eabi/lib/armv6-m\libcr_semihost.a(__sys_close.o)
 .ARM.attributes
                0x000005ed       0x23 c:/nxp/lpcxpresso_4.2.4_299_beta/lpcxpresso/tools/bin/../lib/gcc/arm-none-eabi/4.5.1/../../../../arm-none-eabi/lib/armv6-m\libcr_semihost.a(__sys_flen.o)
 .ARM.attributes
                0x00000610       0x23 c:/nxp/lpcxpresso_4.2.4_299_beta/lpcxpresso/tools/bin/../lib/gcc/arm-none-eabi/4.5.1/../../../../arm-none-eabi/lib/armv6-m\libcr_semihost.a(__sys_istty.o)
 .ARM.attributes
                0x00000633       0x23 c:/nxp/lpcxpresso_4.2.4_299_beta/lpcxpresso/tools/bin/../lib/gcc/arm-none-eabi/4.5.1/../../../../arm-none-eabi/lib/armv6-m\libcr_semihost.a(__sys_read.o)
 .ARM.attributes
                0x00000656       0x23 c:/nxp/lpcxpresso_4.2.4_299_beta/lpcxpresso/tools/bin/../lib/gcc/arm-none-eabi/4.5.1/../../../../arm-none-eabi/lib/armv6-m\libcr_semihost.a(__sys_readc.o)
 .ARM.attributes
                0x00000679       0x23 c:/nxp/lpcxpresso_4.2.4_299_beta/lpcxpresso/tools/bin/../lib/gcc/arm-none-eabi/4.5.1/../../../../arm-none-eabi/lib/armv6-m\libcr_semihost.a(__sys_remove.o)
 .ARM.attributes
                0x0000069c       0x23 c:/nxp/lpcxpresso_4.2.4_299_beta/lpcxpresso/tools/bin/../lib/gcc/arm-none-eabi/4.5.1/../../../../arm-none-eabi/lib/armv6-m\libcr_semihost.a(__sys_rename.o)
 .ARM.attributes
                0x000006bf       0x23 c:/nxp/lpcxpresso_4.2.4_299_beta/lpcxpresso/tools/bin/../lib/gcc/arm-none-eabi/4.5.1/../../../../arm-none-eabi/lib/armv6-m\libcr_semihost.a(__sys_seek.o)
 .ARM.attributes
                0x000006e2       0x23 c:/nxp/lpcxpresso_4.2.4_299_beta/lpcxpresso/tools/bin/../lib/gcc/arm-none-eabi/4.5.1/../../../../arm-none-eabi/lib/armv6-m\libcr_semihost.a(__sys_tmpnam.o)
 .ARM.attributes
                0x00000705       0x23 c:/nxp/lpcxpresso_4.2.4_299_beta/lpcxpresso/tools/bin/../lib/gcc/arm-none-eabi/4.5.1/../../../../arm-none-eabi/lib/armv6-m\libcr_semihost.a(__sys_write.o)
 .ARM.attributes
                0x00000728       0x33 c:/nxp/lpcxpresso_4.2.4_299_beta/lpcxpresso/tools/bin/../lib/gcc/arm-none-eabi/4.5.1/../../../../arm-none-eabi/lib/armv6-m\libcr_semihost.a(_cr_sbrk.o)
 .ARM.attributes
                0x0000075b       0x33 c:/nxp/lpcxpresso_4.2.4_299_beta/lpcxpresso/tools/bin/../lib/gcc/arm-none-eabi/4.5.1/../../../../arm-none-eabi/lib/armv6-m\libcr_semihost.a(_cr_check_heap.o)

.debug_frame    0x00000000      0x570
 .debug_frame   0x00000000       0xac ./src/autoisp_main.o
 .debug_frame   0x000000ac      0x118 ./src/cr_startup_lpc11u.o
 .debug_frame   0x000001c4       0x68 ./src/wdt.o
 .debug_frame   0x0000022c       0x50 C:\Board Code\11Uxx code\tejas lpcxpresso non rom issue\LPC11Uxx_Driver_Lib\Debug\libLPC11Uxx_Driver_Lib.a(clkconfig.o)
 .debug_frame   0x0000027c      0x2a4 C:\Board Code\11Uxx code\tejas lpcxpresso non rom issue\LPC11Uxx_Driver_Lib\Debug\libLPC11Uxx_Driver_Lib.a(gpio.o)
 .debug_frame   0x00000520       0x50 C:\Board Code\11Uxx code\tejas lpcxpresso non rom issue\LPC11Uxx_Driver_Lib\Debug\libLPC11Uxx_Driver_Lib.a(system_LPC11Uxx.o)
